Microchip MPLAB XC8 Compiler V2.31

Linker command line:

-W-3 --edf=C:\Program Files\Microchip\xc8\v2.31\pic\dat\en_msgs.txt -cn \
  -h+.ca/dist/Config_1/production\Faller_Car_ucontroller.X.production.sym \
  --cmf=.ca/dist/Config_1/production\Faller_Car_ucontroller.X.production.cmf \
  -z -Q16F15323 -oC:\Users\jerem\AppData\Local\Temp\sh04.2 \
  --defsym=__MPLAB_BUILD=1 \
  -M.ca/dist/Config_1/production/Faller_Car_ucontroller.X.production.map \
  -E1 -ver=XC8 Compiler --acfsm=1493 -ASTACK=02092h-020EFh -pstack=STACK \
  -ACODE=00h-07FFh -ASTRCODE=00h-07FFh -ASTRING=00h-0FFhx8 \
  -ACONST=00h-0FFhx8 -AENTRY=00h-0FFhx8 -ACOMMON=070h-07Fh \
  -ABANK0=020h-06Fh -ABANK1=0A0h-0EFh -ABANK2=0120h-016Fh \
  -ABIGRAM=02000h-020EFh -ARAM=020h-06Fh,0A0h-0EFh,0120h-016Fh \
  -AABS1=020h-07Fh,0A0h-0EFh,0120h-016Fh -ASFR0=00h-01Fh -ASFR1=080h-09Fh \
  -ASFR2=0100h-011Fh -ASFR3=0180h-01EFh -ASFR4=0200h-026Fh \
  -ASFR5=0280h-02EFh -ASFR6=0300h-036Fh -ASFR7=0380h-03EFh \
  -ASFR8=0400h-046Fh -ASFR9=0480h-04EFh -ASFR10=0500h-056Fh \
  -ASFR11=0580h-05EFh -ASFR12=0600h-066Fh -ASFR13=0680h-06EFh \
  -ASFR14=0700h-076Fh -ASFR15=0780h-07EFh -ASFR16=0800h-086Fh \
  -ASFR17=0880h-08EFh -ASFR18=0900h-096Fh -ASFR19=0980h-09EFh \
  -ASFR20=0A00h-0A6Fh -ASFR21=0A80h-0AEFh -ASFR22=0B00h-0B6Fh \
  -ASFR23=0B80h-0BEFh -ASFR24=0C00h-0C6Fh -ASFR25=0C80h-0CEFh \
  -ASFR26=0D00h-0D6Fh -ASFR27=0D80h-0DEFh -ASFR28=0E00h-0E6Fh \
  -ASFR29=0E80h-0EEFh -ASFR30=0F00h-0F6Fh -ASFR31=0F80h-0FEFh \
  -ASFR32=01000h-0106Fh -ASFR33=01080h-010EFh -ASFR34=01100h-0116Fh \
  -ASFR35=01180h-011EFh -ASFR36=01200h-0126Fh -ASFR37=01280h-012EFh \
  -ASFR38=01300h-0136Fh -ASFR39=01380h-013EFh -ASFR40=01400h-0146Fh \
  -ASFR41=01480h-014EFh -ASFR42=01500h-0156Fh -ASFR43=01580h-015EFh \
  -ASFR44=01600h-0166Fh -ASFR45=01680h-016EFh -ASFR46=01700h-0176Fh \
  -ASFR47=01780h-017EFh -ASFR48=01800h-0186Fh -ASFR49=01880h-018EFh \
  -ASFR50=01900h-0196Fh -ASFR51=01980h-019EFh -ASFR52=01A00h-01A6Fh \
  -ASFR53=01A80h-01AEFh -ASFR54=01B00h-01B6Fh -ASFR55=01B80h-01BEFh \
  -ASFR56=01C00h-01C6Fh -ASFR57=01C80h-01CEFh -ASFR58=01D00h-01D6Fh \
  -ASFR59=01D80h-01DEFh -ASFR60=01E00h-01E6Fh -ASFR61=01E80h-01EEFh \
  -ASFR62=01F00h-01F6Fh -ASFR63=01F80h-01FEFh -ACONFIG=08007h-0800Bh \
  -DCONFIG=2 -AIDLOC=08000h-08003h -DIDLOC=2 -DCODE=2 -DSTRCODE=2 \
  -DSTRING=2 -DCONST=2 -DENTRY=2 -preset_vec=00h,intentry=04h,init,end_init \
  -ppowerup=CODE -pcinit=CODE -pfunctab=ENTRY -k \
  C:\Users\jerem\AppData\Local\Temp\sh04.o \
  .ca/dist/Config_1/production\Faller_Car_ucontroller.X.production.o 

Object code version is 3.11

Machine type is 16F15323



                Name                               Link     Load   Length Selector   Space Scale
C:\Users\jerem\AppData\Local\Temp\sh04.o
                end_init                             19       19        1        8       0
                reset_vec                             0        0        1        0       0
                config                             8007     8007        5        0       4
                idloc                              8000     8000        4        0       5
.ca/dist/Config_1/production\Faller_Car_ucontroller.X.production.o
                cinit                                1A       1A       1F        8       0
                intentry                              4        4       15        8       0
                config                             8007     8007        5        0       4
                idloc                              8000     8000        4        0       5
                text55                              663      663        F        8       0
                text54                              70A      70A        7        8       0
                text53                              73A      73A        5        8       0
                text52                              750      750        1        8       0
                text51                              6A7      6A7        D        8       0
                text50                              735      735        5        8       0
                text49                              747      747        4        8       0
                text48                              74F      74F        1        8       0
                text47                              5FF      5FF       12        8       0
                text46                              743      743        4        8       0
                text45                              74E      74E        1        8       0
                text44                              5EC      5EC       13        8       0
                text42                              72F      72F        6        8       0
                text41                              703      703        7        8       0
                text40                              69A      69A        D        8       0
                text39                              74B      74B        3        8       0
                text38                              527      527       25        8       0
                text37                              5C3      5C3       16        8       0
                text36                              5AD      5AD       16        8       0
                text35                              597      597       16        8       0
                text34                              581      581       16        8       0
                text33                              633      633       11        8       0
                text32                              622      622       11        8       0
                text31                              611      611       11        8       0
                text30                              501      501       26        8       0
                text29                               39       39      189        8       0
                text28                              4D0      4D0       31        8       0
                text27                              1C2      1C2       B0        8       0
                text26                              3CA      3CA       3E        8       0
                text25                              5D9      5D9       13        8       0
                text24                              49F      49F       31        8       0
                text23                              46D      46D       32        8       0
                text22                              408      408       33        8       0
                text21                              30A      30A       7E        8       0
                text20                              6C0      6C0        A        8       0
                text19                              68D      68D        D        8       0
                text18                              6CA      6CA        9        8       0
                text17                              73F      73F        4        8       0
                text16                              6B4      6B4        C        8       0
                text15                              729      729        6        8       0
                text14                              43B      43B       32        8       0
                text13                              680      680        D        8       0
                text12                              6FB      6FB        8        8       0
                text11                              6F3      6F3        8        8       0
                text10                              6EB      6EB        8        8       0
                text9                               6E3      6E3        8        8       0
                text8                               6DB      6DB        8        8       0
                text7                               6D3      6D3        8        8       0
                text6                               723      723        6        8       0
                text5                               56A      56A       17        8       0
                text4                               71D      71D        6        8       0
                text3                               54C      54C       1E        8       0
                text2                               672      672        E        8       0
                text1                               654      654        F        8       0
                maintext                            272      272       98        8       0
                cstackBANK0                          3A       3A       13       20       1
                cstackCOMMON                         70       70        A       70       1
                clrtext                             717      717        6        8       0
                inittext                            711      711        6        8       0
                dataBANK1                            A0       A0       42       A0       1
                dataBANK0                            4D       4D       10       20       1
                bssBANK0                             20       20       1A       20       1
                bssCOMMON                            7A       7A        2       70       1
                nvBANK0                              5D       5D        2       20       1
                idataBANK1                          388      388       42        8       0
                idataBANK0                          644      644       10        8       0

TOTAL           Name                               Link     Load   Length     Space
        CLASS   STACK          

        CLASS   CODE           
                end_init                             19       19        1         0
                cinit                                1A       1A       1F         0
                intentry                              4        4       15         0
                reset_vec                             0        0        1         0
                text55                              663      663        F         0
                text54                              70A      70A        7         0
                text53                              73A      73A        5         0
                text52                              750      750        1         0
                text51                              6A7      6A7        D         0
                text50                              735      735        5         0
                text49                              747      747        4         0
                text48                              74F      74F        1         0
                text47                              5FF      5FF       12         0
                text46                              743      743        4         0
                text45                              74E      74E        1         0
                text44                              5EC      5EC       13         0
                text42                              72F      72F        6         0
                text41                              703      703        7         0
                text40                              69A      69A        D         0
                text39                              74B      74B        3         0
                text38                              527      527       25         0
                text37                              5C3      5C3       16         0
                text36                              5AD      5AD       16         0
                text35                              597      597       16         0
                text34                              581      581       16         0
                text33                              633      633       11         0
                text32                              622      622       11         0
                text31                              611      611       11         0
                text30                              501      501       26         0
                text29                               39       39      189         0
                text28                              4D0      4D0       31         0
                text27                              1C2      1C2       B0         0
                text26                              3CA      3CA       3E         0
                text25                              5D9      5D9       13         0
                text24                              49F      49F       31         0
                text23                              46D      46D       32         0
                text22                              408      408       33         0
                text21                              30A      30A       7E         0
                text20                              6C0      6C0        A         0
                text19                              68D      68D        D         0
                text18                              6CA      6CA        9         0
                text17                              73F      73F        4         0
                text16                              6B4      6B4        C         0
                text15                              729      729        6         0
                text14                              43B      43B       32         0
                text13                              680      680        D         0
                text12                              6FB      6FB        8         0
                text11                              6F3      6F3        8         0
                text10                              6EB      6EB        8         0
                text9                               6E3      6E3        8         0
                text8                               6DB      6DB        8         0
                text7                               6D3      6D3        8         0
                text6                               723      723        6         0
                text5                               56A      56A       17         0
                text4                               71D      71D        6         0
                text3                               54C      54C       1E         0
                text2                               672      672        E         0
                text1                               654      654        F         0
                maintext                            272      272       98         0
                clrtext                             717      717        6         0
                inittext                            711      711        6         0
                idataBANK1                          388      388       42         0
                idataBANK0                          644      644       10         0

        CLASS   STRCODE        

        CLASS   STRING         

        CLASS   CONST          

        CLASS   ENTRY          

        CLASS   COMMON         
                cstackCOMMON                         70       70        A         1
                bssCOMMON                            7A       7A        2         1

        CLASS   BANK0          
                cstackBANK0                          3A       3A       13         1
                dataBANK0                            4D       4D       10         1
                bssBANK0                             20       20       1A         1
                nvBANK0                              5D       5D        2         1

        CLASS   BANK1          
                dataBANK1                            A0       A0       42         1

        CLASS   BANK2          

        CLASS   BIGRAM         

        CLASS   RAM            

        CLASS   ABS1           
                abs_s1                               7E       7E        2         1

        CLASS   SFR0           

        CLASS   SFR1           

        CLASS   SFR2           

        CLASS   SFR3           

        CLASS   SFR4           

        CLASS   SFR5           

        CLASS   SFR6           

        CLASS   SFR7           

        CLASS   SFR8           

        CLASS   SFR9           

        CLASS   SFR10          

        CLASS   SFR11          

        CLASS   SFR12          

        CLASS   SFR13          

        CLASS   SFR14          

        CLASS   SFR15          

        CLASS   SFR16          

        CLASS   SFR17          

        CLASS   SFR18          

        CLASS   SFR19          

        CLASS   SFR20          

        CLASS   SFR21          

        CLASS   SFR22          

        CLASS   SFR23          

        CLASS   SFR24          

        CLASS   SFR25          

        CLASS   SFR26          

        CLASS   SFR27          

        CLASS   SFR28          

        CLASS   SFR29          

        CLASS   SFR30          

        CLASS   SFR31          

        CLASS   SFR32          

        CLASS   SFR33          

        CLASS   SFR34          

        CLASS   SFR35          

        CLASS   SFR36          

        CLASS   SFR37          

        CLASS   SFR38          

        CLASS   SFR39          

        CLASS   SFR40          

        CLASS   SFR41          

        CLASS   SFR42          

        CLASS   SFR43          

        CLASS   SFR44          

        CLASS   SFR45          

        CLASS   SFR46          

        CLASS   SFR47          

        CLASS   SFR48          

        CLASS   SFR49          

        CLASS   SFR50          

        CLASS   SFR51          

        CLASS   SFR52          

        CLASS   SFR53          

        CLASS   SFR54          

        CLASS   SFR55          

        CLASS   SFR56          

        CLASS   SFR57          

        CLASS   SFR58          

        CLASS   SFR59          

        CLASS   SFR60          

        CLASS   SFR61          

        CLASS   SFR62          

        CLASS   SFR63          

        CLASS   CONFIG         
                config                             8007     8007        5         4

        CLASS   IDLOC          
                idloc                              8000     8000        4         5

        CLASS   BANK63         

        CLASS   BANK62         

        CLASS   BANK61         

        CLASS   BANK60         

        CLASS   BANK59         

        CLASS   BANK58         

        CLASS   BANK57         

        CLASS   BANK56         

        CLASS   BANK55         

        CLASS   BANK54         

        CLASS   BANK53         

        CLASS   BANK52         

        CLASS   BANK51         

        CLASS   BANK50         

        CLASS   BANK49         

        CLASS   BANK48         

        CLASS   BANK47         

        CLASS   BANK46         

        CLASS   BANK45         

        CLASS   BANK44         

        CLASS   BANK43         

        CLASS   BANK42         

        CLASS   BANK41         

        CLASS   BANK40         

        CLASS   BANK39         

        CLASS   BANK38         

        CLASS   BANK37         

        CLASS   BANK36         

        CLASS   BANK35         

        CLASS   BANK34         

        CLASS   BANK33         

        CLASS   BANK32         

        CLASS   BANK31         

        CLASS   BANK30         

        CLASS   BANK29         

        CLASS   BANK28         

        CLASS   BANK27         

        CLASS   BANK26         

        CLASS   BANK25         

        CLASS   BANK24         

        CLASS   BANK23         

        CLASS   BANK22         

        CLASS   BANK21         

        CLASS   BANK20         

        CLASS   BANK19         

        CLASS   BANK18         

        CLASS   BANK17         

        CLASS   BANK16         

        CLASS   BANK15         

        CLASS   BANK14         

        CLASS   BANK13         

        CLASS   BANK12         

        CLASS   BANK11         

        CLASS   BANK10         

        CLASS   BANK9          

        CLASS   BANK8          

        CLASS   BANK7          

        CLASS   BANK6          

        CLASS   BANK5          

        CLASS   BANK4          

        CLASS   BANK3          

        CLASS   EEDATA         



SEGMENTS        Name                           Load    Length   Top    Selector   Space  Class     Delta

                reset_vec                      000000  000001  000001         0       0  CODE        2
                intentry                       000004  00074D  000751         8       0  CODE        2
                bssBANK0                       000020  00003F  00005F        20       1  BANK0       1
                cstackCOMMON                   000070  00000C  00007C        70       1  COMMON      1
                dataBANK1                      0000A0  000042  0000E2        A0       1  BANK1       1


UNUSED ADDRESS RANGES

        Name                Unused          Largest block    Delta
        BANK0            0005F-0006F              11           1
        BANK1            000E2-000EF               E           1
        BANK2            00120-0016F              50           1
        BIGRAM           02000-020EF              F0           1
        CODE             00001-00003               3           2
                         00751-007FF              AF
        COMMON           0007C-0007D               2           1
        CONST            00001-00003               3           2
                         00751-007FF              AF
        ENTRY            00001-00003               3           2
                         00751-007FF              AF
        RAM              0005F-0006F              11           1
                         000E2-000EF               E
                         00120-0016F              50
        SFR0             00000-0001F              20           1
        SFR1             00080-0009F              20           1
        SFR10            00500-0056F              70           1
        SFR11            00580-005EF              70           1
        SFR12            00600-0066F              70           1
        SFR13            00680-006EF              70           1
        SFR14            00700-0076F              70           1
        SFR15            00780-007EF              70           1
        SFR16            00800-0086F              70           1
        SFR17            00880-008EF              70           1
        SFR18            00900-0096F              70           1
        SFR19            00980-009EF              70           1
        SFR2             00100-0011F              20           1
        SFR20            00A00-00A6F              70           1
        SFR21            00A80-00AEF              70           1
        SFR22            00B00-00B6F              70           1
        SFR23            00B80-00BEF              70           1
        SFR24            00C00-00C6F              70           1
        SFR25            00C80-00CEF              70           1
        SFR26            00D00-00D6F              70           1
        SFR27            00D80-00DEF              70           1
        SFR28            00E00-00E6F              70           1
        SFR29            00E80-00EEF              70           1
        SFR3             00180-001EF              70           1
        SFR30            00F00-00F6F              70           1
        SFR31            00F80-00FEF              70           1
        SFR32            01000-0106F              70           1
        SFR33            01080-010EF              70           1
        SFR34            01100-0116F              70           1
        SFR35            01180-011EF              70           1
        SFR36            01200-0126F              70           1
        SFR37            01280-012EF              70           1
        SFR38            01300-0136F              70           1
        SFR39            01380-013EF              70           1
        SFR4             00200-0026F              70           1
        SFR40            01400-0146F              70           1
        SFR41            01480-014EF              70           1
        SFR42            01500-0156F              70           1
        SFR43            01580-015EF              70           1
        SFR44            01600-0166F              70           1
        SFR45            01680-016EF              70           1
        SFR46            01700-0176F              70           1
        SFR47            01780-017EF              70           1
        SFR48            01800-0186F              70           1
        SFR49            01880-018EF              70           1
        SFR5             00280-002EF              70           1
        SFR50            01900-0196F              70           1
        SFR51            01980-019EF              70           1
        SFR52            01A00-01A6F              70           1
        SFR53            01A80-01AEF              70           1
        SFR54            01B00-01B6F              70           1
        SFR55            01B80-01BEF              70           1
        SFR56            01C00-01C6F              70           1
        SFR57            01C80-01CEF              70           1
        SFR58            01D00-01D6F              70           1
        SFR59            01D80-01DEF              70           1
        SFR6             00300-0036F              70           1
        SFR60            01E00-01E6F              70           1
        SFR61            01E80-01EEF              70           1
        SFR62            01F00-01F6F              70           1
        SFR63            01F80-01FEF              70           1
        SFR7             00380-003EF              70           1
        SFR8             00400-0046F              70           1
        SFR9             00480-004EF              70           1
        STACK            02092-020EF              5E           1
        STRCODE          00001-00003               3           2
                         00751-007FF              AF
        STRING           00001-00003               3           2
                         00751-007FF              AF

                                  Symbol Table

?_ADC_GetConversionResult                   cstackCOMMON 00072
?___lmul                                    cstackCOMMON 00072
?_rand                                      cstackBANK0  0003E
ADC_SelectChannel@channel                   cstackCOMMON 00073
CalcPwm@Led                                 cstackBANK0  0003E
EXECUTExEFFECT@ReturnData                   cstackBANK0  00048
EXECUTExEFFECT@x                            cstackBANK0  00049
IOCCF1_SetInterruptHandler@InterruptHandler cstackCOMMON 00072
LedBrake@Led                                cstackBANK0  0003F
LedFlash@Led                                cstackBANK0  0003F
LedFlash@ReturnVal                          cstackBANK0  00043
LedNom@Led                                  cstackBANK0  0003F
LedOff@Led                                  cstackBANK0  0003F
LedSlFl@Led                                 cstackBANK0  0003F
LedSlFl@ReturnVal                           cstackBANK0  00043
PWM1_LoadDutyValue@dutyValue                cstackCOMMON 00076
PWM2_LoadDutyValue@dutyValue                cstackCOMMON 00076
PWM3_LoadDutyValue@dutyValue                cstackCOMMON 00076
PWM4_LoadDutyValue@dutyValue                cstackCOMMON 00076
PWM5_LoadDutyValue@dutyValue                cstackCOMMON 00076
PWM6_LoadDutyValue@dutyValue                cstackCOMMON 00076
TMR0_SetInterruptHandler@InterruptHandler   cstackCOMMON 00072
TMR1_SetInterruptHandler@InterruptHandler   cstackCOMMON 00072
TMR1_WriteTimer@timerVal                    cstackCOMMON 00070
_ADACT                                      (abs)        0009F
_ADACTPPS                                   (abs)        01EC3
_ADCON0                                     (abs)        0009D
_ADCON0bits                                 (abs)        0009D
_ADCON1                                     (abs)        0009E
_ADC_GetConversionResult                    text42       0072F
_ADC_Initialize                             text18       006CA
_ADC_IsConversionDone                       text41       00703
_ADC_SelectChannel                          text40       0069A
_ADC_StartConversion                        text39       0074B
_ADRESH                                     (abs)        0009C
_ADRESL                                     (abs)        0009B
_ANSELA                                     (abs)        01F38
_ANSELC                                     (abs)        01F4E
_AdcResult                                  dataBANK0    0004D
_AdcResultAvg                               bssBANK0     00022
_AdcResultSample                            bssBANK0     00024
_AdcState                                   bssBANK0     00030
_BATTxPROTECT                               text38       00527
_BattProtect                                bssBANK0     00032
_CCP1CON                                    (abs)        0030E
_CCP1CONbits                                (abs)        0030E
_CCP2CON                                    (abs)        00312
_CCP2CONbits                                (abs)        00312
_CCPR1H                                     (abs)        0030D
_CCPR1L                                     (abs)        0030C
_CCPR2H                                     (abs)        00311
_CCPR2L                                     (abs)        00310
_CalcPwm                                    text30       00501
_CarrOff                                    bssBANK0     00031
_EXECUTExEFFECT                             text24       0049F
_EXECUTExEFFECT$1858                        cstackBANK0  00046
_FVRCON                                     (abs)        0090C
_FVRCONbits                                 (abs)        0090C
_FVR_Initialize                             text17       0073F
_INITxEXECUTER                              text19       0068D
_INLVLA                                     (abs)        01F3C
_INLVLC                                     (abs)        01F52
_INTCONbits                                 (abs)        0000B
_INTERRUPT_InterruptManager                 intentry     00004
_IOCCF1_DefaultInterruptHandler             text52       00750
_IOCCF1_ISR                                 text51       006A7
_IOCCF1_InterruptHandler                    nvBANK0      0005D
_IOCCF1_SetInterruptHandler                 text15       00729
_IOCCFbits                                  (abs)        01F55
_IOCCNbits                                  (abs)        01F54
_IOCCPbits                                  (abs)        01F53
_LATA                                       (abs)        00018
_LATAbits                                   (abs)        00018
_LATC                                       (abs)        0001A
_LedBit                                     dataBANK1    000A0
_LedBrake                                   text25       005D9
_LedFlash                                   text27       001C2
_LedNom                                     text26       003CA
_LedOff                                     text28       004D0
_LedSlFl                                    text29       00039
_ODCONA                                     (abs)        01F3A
_ODCONC                                     (abs)        01F50
_OSCCON1                                    (abs)        0088D
_OSCCON3                                    (abs)        0088F
_OSCEN                                      (abs)        00891
_OSCFRQ                                     (abs)        00893
_OSCILLATOR_Initialize                      text16       006B4
_OSCSTAT                                    (abs)        00890
_OSCTUNE                                    (abs)        00892
_PIE0bits                                   (abs)        00716
_PIE4bits                                   (abs)        0071A
_PIN_MANAGER_IOC                            text50       00735
_PIN_MANAGER_Initialize                     text14       0043B
_PIR0bits                                   (abs)        0070C
_PIR4bits                                   (abs)        00710
_PLLR                                       (abs)        04480
_PMD0                                       (abs)        00796
_PMD1                                       (abs)        00797
_PMD2                                       (abs)        00798
_PMD3                                       (abs)        00799
_PMD4                                       (abs)        0079A
_PMD5                                       (abs)        0079B
_PMD_Initialize                             text13       00680
_PORTCbits                                  (abs)        0000E
_PR2                                        (abs)        0028D
_PWM1_Initialize                            text12       006FB
_PWM1_LoadDutyValue                         text32       00622
_PWM2_Initialize                            text11       006F3
_PWM2_LoadDutyValue                         text33       00633
_PWM3CON                                    (abs)        00316
_PWM3DCH                                    (abs)        00315
_PWM3DCL                                    (abs)        00314
_PWM3_Initialize                            text10       006EB
_PWM3_LoadDutyValue                         text35       00597
_PWM4CON                                    (abs)        0031A
_PWM4DCH                                    (abs)        00319
_PWM4DCL                                    (abs)        00318
_PWM4_Initialize                            text9        006E3
_PWM4_LoadDutyValue                         text36       005AD
_PWM5CON                                    (abs)        0031E
_PWM5DCH                                    (abs)        0031D
_PWM5DCL                                    (abs)        0031C
_PWM5_Initialize                            text8        006DB
_PWM5_LoadDutyValue                         text34       00581
_PWM6CON                                    (abs)        0038E
_PWM6DCH                                    (abs)        0038D
_PWM6DCL                                    (abs)        0038C
_PWM6_Initialize                            text7        006D3
_PWM6_LoadDutyValue                         text37       005C3
_RA4PPS                                     (abs)        01F14
_RA5PPS                                     (abs)        01F15
_RC2PPS                                     (abs)        01F22
_RC3PPS                                     (abs)        01F23
_RC4PPS                                     (abs)        01F24
_RC5PPS                                     (abs)        01F25
_RCS_INT                                    text53       0073A
_RCSxLED                                    text21       0030A
_Random                                     bssBANK0     00020
_ReturnVal                                  bssBANK0     0002E
_SLRCONA                                    (abs)        01F3B
_SLRCONC                                    (abs)        01F51
_SYSTEM_Initialize                          text1        00654
_T0CON0                                     (abs)        0059E
_T0CON0bits                                 (abs)        0059E
_T0CON1                                     (abs)        0059F
_T1CLK                                      (abs)        00211
_T1CON                                      (abs)        0020E
_T1CONbits                                  (abs)        0020E
_T1GATE                                     (abs)        00210
_T1GCON                                     (abs)        0020F
_T1GCONbits                                 (abs)        0020F
_T2CLKCON                                   (abs)        00290
_T2CON                                      (abs)        0028E
_T2CONbits                                  (abs)        0028E
_T2HLT                                      (abs)        0028F
_T2HLTbits                                  (abs)        0028F
_T2PR                                       (abs)        0028D
_T2RST                                      (abs)        00291
_T2RSTbits                                  (abs)        00291
_T2TMR                                      (abs)        0028C
_TMR0H                                      (abs)        0059D
_TMR0L                                      (abs)        0059C
_TMR0_DefaultInterruptHandler               text48       0074F
_TMR0_INT                                   text49       00747
_TMR0_ISR                                   text47       005FF
_TMR0_Initialize                            text5        0056A
_TMR0_InterruptHandler                      bssBANK0     0002A
_TMR0_SetInterruptHandler                   text6        00723
_TMR1H                                      (abs)        0020D
_TMR1L                                      (abs)        0020C
_TMR1_DefaultInterruptHandler               text45       0074E
_TMR1_INT                                   text46       00743
_TMR1_ISR                                   text44       005EC
_TMR1_Initialize                            text3        0054C
_TMR1_InterruptHandler                      bssBANK0     00026
_TMR1_Reload                                text54       0070A
_TMR1_SetInterruptHandler                   text4        0071D
_TMR1_WriteTimer                            text55       00663
_TMR2                                       (abs)        0028C
_TMR2_Initialize                            text2        00672
_TRISA                                      (abs)        00012
_TRISAbits                                  (abs)        00012
_TRISC                                      (abs)        00014
_UpdateLeds                                 bssBANK0     00035
_UpdateRcs                                  bssBANK0     00034
_UpdateVbatt                                bssBANK0     00033
_WPUA                                       (abs)        01F39
_WPUC                                       (abs)        01F4F
__Habs1                                     abs1         00000
__Hbank0                                    bank0        00000
__Hbank1                                    bank1        00000
__Hbank10                                   bank10       00000
__Hbank11                                   bank11       00000
__Hbank12                                   bank12       00000
__Hbank13                                   bank13       00000
__Hbank14                                   bank14       00000
__Hbank15                                   bank15       00000
__Hbank16                                   bank16       00000
__Hbank17                                   bank17       00000
__Hbank18                                   bank18       00000
__Hbank19                                   bank19       00000
__Hbank2                                    bank2        00000
__Hbank20                                   bank20       00000
__Hbank21                                   bank21       00000
__Hbank22                                   bank22       00000
__Hbank23                                   bank23       00000
__Hbank24                                   bank24       00000
__Hbank25                                   bank25       00000
__Hbank26                                   bank26       00000
__Hbank27                                   bank27       00000
__Hbank28                                   bank28       00000
__Hbank29                                   bank29       00000
__Hbank3                                    bank3        00000
__Hbank30                                   bank30       00000
__Hbank31                                   bank31       00000
__Hbank32                                   bank32       00000
__Hbank33                                   bank33       00000
__Hbank34                                   bank34       00000
__Hbank35                                   bank35       00000
__Hbank36                                   bank36       00000
__Hbank37                                   bank37       00000
__Hbank38                                   bank38       00000
__Hbank39                                   bank39       00000
__Hbank4                                    bank4        00000
__Hbank40                                   bank40       00000
__Hbank41                                   bank41       00000
__Hbank42                                   bank42       00000
__Hbank43                                   bank43       00000
__Hbank44                                   bank44       00000
__Hbank45                                   bank45       00000
__Hbank46                                   bank46       00000
__Hbank47                                   bank47       00000
__Hbank48                                   bank48       00000
__Hbank49                                   bank49       00000
__Hbank5                                    bank5        00000
__Hbank50                                   bank50       00000
__Hbank51                                   bank51       00000
__Hbank52                                   bank52       00000
__Hbank53                                   bank53       00000
__Hbank54                                   bank54       00000
__Hbank55                                   bank55       00000
__Hbank56                                   bank56       00000
__Hbank57                                   bank57       00000
__Hbank58                                   bank58       00000
__Hbank59                                   bank59       00000
__Hbank6                                    bank6        00000
__Hbank60                                   bank60       00000
__Hbank61                                   bank61       00000
__Hbank62                                   bank62       00000
__Hbank63                                   bank63       00000
__Hbank7                                    bank7        00000
__Hbank8                                    bank8        00000
__Hbank9                                    bank9        00000
__Hbigram                                   bigram       00000
__HbssBANK0                                 bssBANK0     00000
__HbssCOMMON                                bssCOMMON    00000
__Hcinit                                    cinit        00039
__Hclrtext                                  clrtext      00000
__Hcode                                     code         00000
__Hcommon                                   common       00000
__Hconfig                                   config       0800C
__HcstackBANK0                              cstackBANK0  00000
__HcstackCOMMON                             cstackCOMMON 00000
__HdataBANK0                                dataBANK0    00000
__HdataBANK1                                dataBANK1    00000
__Heeprom_data                              eeprom_data  00000
__Hend_init                                 end_init     0001A
__Hfunctab                                  functab      00000
__HidataBANK0                               idataBANK0   00000
__HidataBANK1                               idataBANK1   00000
__Hidloc                                    idloc        08004
__Hinit                                     init         00019
__Hinittext                                 inittext     00000
__Hintentry                                 intentry     00019
__Hmaintext                                 maintext     00000
__HnvBANK0                                  nvBANK0      00000
__Hpowerup                                  powerup      00000
__Hram                                      ram          00000
__Hreset_vec                                reset_vec    00001
__Hsfr0                                     sfr0         00000
__Hsfr1                                     sfr1         00000
__Hsfr10                                    sfr10        00000
__Hsfr11                                    sfr11        00000
__Hsfr12                                    sfr12        00000
__Hsfr13                                    sfr13        00000
__Hsfr14                                    sfr14        00000
__Hsfr15                                    sfr15        00000
__Hsfr16                                    sfr16        00000
__Hsfr17                                    sfr17        00000
__Hsfr18                                    sfr18        00000
__Hsfr19                                    sfr19        00000
__Hsfr2                                     sfr2         00000
__Hsfr20                                    sfr20        00000
__Hsfr21                                    sfr21        00000
__Hsfr22                                    sfr22        00000
__Hsfr23                                    sfr23        00000
__Hsfr24                                    sfr24        00000
__Hsfr25                                    sfr25        00000
__Hsfr26                                    sfr26        00000
__Hsfr27                                    sfr27        00000
__Hsfr28                                    sfr28        00000
__Hsfr29                                    sfr29        00000
__Hsfr3                                     sfr3         00000
__Hsfr30                                    sfr30        00000
__Hsfr31                                    sfr31        00000
__Hsfr32                                    sfr32        00000
__Hsfr33                                    sfr33        00000
__Hsfr34                                    sfr34        00000
__Hsfr35                                    sfr35        00000
__Hsfr36                                    sfr36        00000
__Hsfr37                                    sfr37        00000
__Hsfr38                                    sfr38        00000
__Hsfr39                                    sfr39        00000
__Hsfr4                                     sfr4         00000
__Hsfr40                                    sfr40        00000
__Hsfr41                                    sfr41        00000
__Hsfr42                                    sfr42        00000
__Hsfr43                                    sfr43        00000
__Hsfr44                                    sfr44        00000
__Hsfr45                                    sfr45        00000
__Hsfr46                                    sfr46        00000
__Hsfr47                                    sfr47        00000
__Hsfr48                                    sfr48        00000
__Hsfr49                                    sfr49        00000
__Hsfr5                                     sfr5         00000
__Hsfr50                                    sfr50        00000
__Hsfr51                                    sfr51        00000
__Hsfr52                                    sfr52        00000
__Hsfr53                                    sfr53        00000
__Hsfr54                                    sfr54        00000
__Hsfr55                                    sfr55        00000
__Hsfr56                                    sfr56        00000
__Hsfr57                                    sfr57        00000
__Hsfr58                                    sfr58        00000
__Hsfr59                                    sfr59        00000
__Hsfr6                                     sfr6         00000
__Hsfr60                                    sfr60        00000
__Hsfr61                                    sfr61        00000
__Hsfr62                                    sfr62        00000
__Hsfr63                                    sfr63        00000
__Hsfr7                                     sfr7         00000
__Hsfr8                                     sfr8         00000
__Hsfr9                                     sfr9         00000
__Hspace_0                                  (abs)        00751
__Hspace_1                                  (abs)        000E2
__Hspace_2                                  (abs)        00000
__Hspace_3                                  (abs)        00000
__Hspace_4                                  (abs)        10013
__Hstack                                    stack        00000
__Hstrings                                  strings      00000
__Htext                                     text         00000
__Labs1                                     abs1         00000
__Lbank0                                    bank0        00000
__Lbank1                                    bank1        00000
__Lbank10                                   bank10       00000
__Lbank11                                   bank11       00000
__Lbank12                                   bank12       00000
__Lbank13                                   bank13       00000
__Lbank14                                   bank14       00000
__Lbank15                                   bank15       00000
__Lbank16                                   bank16       00000
__Lbank17                                   bank17       00000
__Lbank18                                   bank18       00000
__Lbank19                                   bank19       00000
__Lbank2                                    bank2        00000
__Lbank20                                   bank20       00000
__Lbank21                                   bank21       00000
__Lbank22                                   bank22       00000
__Lbank23                                   bank23       00000
__Lbank24                                   bank24       00000
__Lbank25                                   bank25       00000
__Lbank26                                   bank26       00000
__Lbank27                                   bank27       00000
__Lbank28                                   bank28       00000
__Lbank29                                   bank29       00000
__Lbank3                                    bank3        00000
__Lbank30                                   bank30       00000
__Lbank31                                   bank31       00000
__Lbank32                                   bank32       00000
__Lbank33                                   bank33       00000
__Lbank34                                   bank34       00000
__Lbank35                                   bank35       00000
__Lbank36                                   bank36       00000
__Lbank37                                   bank37       00000
__Lbank38                                   bank38       00000
__Lbank39                                   bank39       00000
__Lbank4                                    bank4        00000
__Lbank40                                   bank40       00000
__Lbank41                                   bank41       00000
__Lbank42                                   bank42       00000
__Lbank43                                   bank43       00000
__Lbank44                                   bank44       00000
__Lbank45                                   bank45       00000
__Lbank46                                   bank46       00000
__Lbank47                                   bank47       00000
__Lbank48                                   bank48       00000
__Lbank49                                   bank49       00000
__Lbank5                                    bank5        00000
__Lbank50                                   bank50       00000
__Lbank51                                   bank51       00000
__Lbank52                                   bank52       00000
__Lbank53                                   bank53       00000
__Lbank54                                   bank54       00000
__Lbank55                                   bank55       00000
__Lbank56                                   bank56       00000
__Lbank57                                   bank57       00000
__Lbank58                                   bank58       00000
__Lbank59                                   bank59       00000
__Lbank6                                    bank6        00000
__Lbank60                                   bank60       00000
__Lbank61                                   bank61       00000
__Lbank62                                   bank62       00000
__Lbank63                                   bank63       00000
__Lbank7                                    bank7        00000
__Lbank8                                    bank8        00000
__Lbank9                                    bank9        00000
__Lbigram                                   bigram       00000
__LbssBANK0                                 bssBANK0     00000
__LbssCOMMON                                bssCOMMON    00000
__Lcinit                                    cinit        0001A
__Lclrtext                                  clrtext      00000
__Lcode                                     code         00000
__Lcommon                                   common       00000
__Lconfig                                   config       00000
__LcstackBANK0                              cstackBANK0  00000
__LcstackCOMMON                             cstackCOMMON 00000
__LdataBANK0                                dataBANK0    00000
__LdataBANK1                                dataBANK1    00000
__Leeprom_data                              eeprom_data  00000
__Lend_init                                 end_init     00019
__Lfunctab                                  functab      00000
__LidataBANK0                               idataBANK0   00000
__LidataBANK1                               idataBANK1   00000
__Lidloc                                    idloc        00000
__Linit                                     init         00019
__Linittext                                 inittext     00000
__Lintentry                                 intentry     00004
__Lmaintext                                 maintext     00000
__LnvBANK0                                  nvBANK0      00000
__Lpowerup                                  powerup      00000
__Lram                                      ram          00000
__Lreset_vec                                reset_vec    00000
__Lsfr0                                     sfr0         00000
__Lsfr1                                     sfr1         00000
__Lsfr10                                    sfr10        00000
__Lsfr11                                    sfr11        00000
__Lsfr12                                    sfr12        00000
__Lsfr13                                    sfr13        00000
__Lsfr14                                    sfr14        00000
__Lsfr15                                    sfr15        00000
__Lsfr16                                    sfr16        00000
__Lsfr17                                    sfr17        00000
__Lsfr18                                    sfr18        00000
__Lsfr19                                    sfr19        00000
__Lsfr2                                     sfr2         00000
__Lsfr20                                    sfr20        00000
__Lsfr21                                    sfr21        00000
__Lsfr22                                    sfr22        00000
__Lsfr23                                    sfr23        00000
__Lsfr24                                    sfr24        00000
__Lsfr25                                    sfr25        00000
__Lsfr26                                    sfr26        00000
__Lsfr27                                    sfr27        00000
__Lsfr28                                    sfr28        00000
__Lsfr29                                    sfr29        00000
__Lsfr3                                     sfr3         00000
__Lsfr30                                    sfr30        00000
__Lsfr31                                    sfr31        00000
__Lsfr32                                    sfr32        00000
__Lsfr33                                    sfr33        00000
__Lsfr34                                    sfr34        00000
__Lsfr35                                    sfr35        00000
__Lsfr36                                    sfr36        00000
__Lsfr37                                    sfr37        00000
__Lsfr38                                    sfr38        00000
__Lsfr39                                    sfr39        00000
__Lsfr4                                     sfr4         00000
__Lsfr40                                    sfr40        00000
__Lsfr41                                    sfr41        00000
__Lsfr42                                    sfr42        00000
__Lsfr43                                    sfr43        00000
__Lsfr44                                    sfr44        00000
__Lsfr45                                    sfr45        00000
__Lsfr46                                    sfr46        00000
__Lsfr47                                    sfr47        00000
__Lsfr48                                    sfr48        00000
__Lsfr49                                    sfr49        00000
__Lsfr5                                     sfr5         00000
__Lsfr50                                    sfr50        00000
__Lsfr51                                    sfr51        00000
__Lsfr52                                    sfr52        00000
__Lsfr53                                    sfr53        00000
__Lsfr54                                    sfr54        00000
__Lsfr55                                    sfr55        00000
__Lsfr56                                    sfr56        00000
__Lsfr57                                    sfr57        00000
__Lsfr58                                    sfr58        00000
__Lsfr59                                    sfr59        00000
__Lsfr6                                     sfr6         00000
__Lsfr60                                    sfr60        00000
__Lsfr61                                    sfr61        00000
__Lsfr62                                    sfr62        00000
__Lsfr63                                    sfr63        00000
__Lsfr7                                     sfr7         00000
__Lsfr8                                     sfr8         00000
__Lsfr9                                     sfr9         00000
__Lspace_0                                  (abs)        00000
__Lspace_1                                  (abs)        00000
__Lspace_2                                  (abs)        00000
__Lspace_3                                  (abs)        00000
__Lspace_4                                  (abs)        00000
__Lstack                                    stack        00000
__Lstrings                                  strings      00000
__Ltext                                     text         00000
__S0                                        (abs)        00751
__S1                                        (abs)        000E2
__S2                                        (abs)        00000
___bmul                                     text31       00611
___bmul@multiplicand                        cstackCOMMON 00072
___bmul@multiplier                          cstackCOMMON 00075
___bmul@product                             cstackCOMMON 00074
___int_sp                                   stack        00000
___latbits                                  (abs)        00000
___lmul                                     text23       0046D
___lmul@multiplicand                        cstackCOMMON 00076
___lmul@multiplier                          cstackCOMMON 00072
___lmul@product                             cstackBANK0  0003A
___sp                                       stack        00000
___stackhi                                  (abs)        020EF
___stacklo                                  (abs)        02092
__end_of_ADC_GetConversionResult            text42       00735
__end_of_ADC_Initialize                     text18       006D3
__end_of_ADC_IsConversionDone               text41       0070A
__end_of_ADC_SelectChannel                  text40       006A7
__end_of_ADC_StartConversion                text39       0074E
__end_of_BATTxPROTECT                       text38       0054C
__end_of_CalcPwm                            text30       00527
__end_of_EXECUTExEFFECT                     text24       004D0
__end_of_FVR_Initialize                     text17       00743
__end_of_INITxEXECUTER                      text19       0069A
__end_of_INTERRUPT_InterruptManager         intentry     00019
__end_of_IOCCF1_DefaultInterruptHandler     text52       00751
__end_of_IOCCF1_ISR                         text51       006B4
__end_of_IOCCF1_SetInterruptHandler         text15       0072F
__end_of_LedBrake                           text25       005EC
__end_of_LedFlash                           text27       00272
__end_of_LedNom                             text26       00408
__end_of_LedOff                             text28       00501
__end_of_LedSlFl                            text29       001C2
__end_of_OSCILLATOR_Initialize              text16       006C0
__end_of_PIN_MANAGER_IOC                    text50       0073A
__end_of_PIN_MANAGER_Initialize             text14       0046D
__end_of_PMD_Initialize                     text13       0068D
__end_of_PWM1_Initialize                    text12       00703
__end_of_PWM1_LoadDutyValue                 text32       00633
__end_of_PWM2_Initialize                    text11       006FB
__end_of_PWM2_LoadDutyValue                 text33       00644
__end_of_PWM3_Initialize                    text10       006F3
__end_of_PWM3_LoadDutyValue                 text35       005AD
__end_of_PWM4_Initialize                    text9        006EB
__end_of_PWM4_LoadDutyValue                 text36       005C3
__end_of_PWM5_Initialize                    text8        006E3
__end_of_PWM5_LoadDutyValue                 text34       00597
__end_of_PWM6_Initialize                    text7        006DB
__end_of_PWM6_LoadDutyValue                 text37       005D9
__end_of_RCS_INT                            text53       0073F
__end_of_RCSxLED                            text21       00388
__end_of_SYSTEM_Initialize                  text1        00663
__end_of_TMR0_DefaultInterruptHandler       text48       00750
__end_of_TMR0_INT                           text49       0074B
__end_of_TMR0_ISR                           text47       00611
__end_of_TMR0_Initialize                    text5        00581
__end_of_TMR0_SetInterruptHandler           text6        00729
__end_of_TMR1_DefaultInterruptHandler       text45       0074F
__end_of_TMR1_INT                           text46       00747
__end_of_TMR1_ISR                           text44       005FF
__end_of_TMR1_Initialize                    text3        0056A
__end_of_TMR1_Reload                        text54       00711
__end_of_TMR1_SetInterruptHandler           text4        00723
__end_of_TMR1_WriteTimer                    text55       00672
__end_of_TMR2_Initialize                    text2        00680
__end_of___bmul                             text31       00622
__end_of___lmul                             text23       0049F
__end_of__initialization                    cinit        00036
__end_of_main                               maintext     0030A
__end_of_rand                               text22       0043B
__end_of_srand                              text20       006CA
__initialization                            cinit        0001A
__pbssBANK0                                 bssBANK0     00020
__pbssCOMMON                                bssCOMMON    0007A
__pcstackBANK0                              cstackBANK0  0003A
__pcstackCOMMON                             cstackCOMMON 00070
__pdataBANK0                                dataBANK0    0004D
__pdataBANK1                                dataBANK1    000A0
__pidataBANK0                               idataBANK0   00644
__pidataBANK1                               idataBANK1   00388
__pintentry                                 intentry     00004
__pmaintext                                 maintext     00272
__pnvBANK0                                  nvBANK0      0005D
__ptext1                                    text1        00654
__ptext10                                   text10       006EB
__ptext11                                   text11       006F3
__ptext12                                   text12       006FB
__ptext13                                   text13       00680
__ptext14                                   text14       0043B
__ptext15                                   text15       00729
__ptext16                                   text16       006B4
__ptext17                                   text17       0073F
__ptext18                                   text18       006CA
__ptext19                                   text19       0068D
__ptext2                                    text2        00672
__ptext20                                   text20       006C0
__ptext21                                   text21       0030A
__ptext22                                   text22       00408
__ptext23                                   text23       0046D
__ptext24                                   text24       0049F
__ptext25                                   text25       005D9
__ptext26                                   text26       003CA
__ptext27                                   text27       001C2
__ptext28                                   text28       004D0
__ptext29                                   text29       00039
__ptext3                                    text3        0054C
__ptext30                                   text30       00501
__ptext31                                   text31       00611
__ptext32                                   text32       00622
__ptext33                                   text33       00633
__ptext34                                   text34       00581
__ptext35                                   text35       00597
__ptext36                                   text36       005AD
__ptext37                                   text37       005C3
__ptext38                                   text38       00527
__ptext39                                   text39       0074B
__ptext4                                    text4        0071D
__ptext40                                   text40       0069A
__ptext41                                   text41       00703
__ptext42                                   text42       0072F
__ptext44                                   text44       005EC
__ptext45                                   text45       0074E
__ptext46                                   text46       00743
__ptext47                                   text47       005FF
__ptext48                                   text48       0074F
__ptext49                                   text49       00747
__ptext5                                    text5        0056A
__ptext50                                   text50       00735
__ptext51                                   text51       006A7
__ptext52                                   text52       00750
__ptext53                                   text53       0073A
__ptext54                                   text54       0070A
__ptext55                                   text55       00663
__ptext6                                    text6        00723
__ptext7                                    text7        006D3
__ptext8                                    text8        006DB
__ptext9                                    text9        006E3
__size_of_ADC_GetConversionResult           (abs)        00000
__size_of_ADC_Initialize                    (abs)        00000
__size_of_ADC_IsConversionDone              (abs)        00000
__size_of_ADC_SelectChannel                 (abs)        00000
__size_of_ADC_StartConversion               (abs)        00000
__size_of_BATTxPROTECT                      (abs)        00000
__size_of_CalcPwm                           (abs)        00000
__size_of_EXECUTExEFFECT                    (abs)        00000
__size_of_FVR_Initialize                    (abs)        00000
__size_of_INITxEXECUTER                     (abs)        00000
__size_of_INTERRUPT_InterruptManager        (abs)        00000
__size_of_IOCCF1_DefaultInterruptHandler    (abs)        00000
__size_of_IOCCF1_ISR                        (abs)        00000
__size_of_IOCCF1_SetInterruptHandler        (abs)        00000
__size_of_LedBrake                          (abs)        00000
__size_of_LedFlash                          (abs)        00000
__size_of_LedNom                            (abs)        00000
__size_of_LedOff                            (abs)        00000
__size_of_LedSlFl                           (abs)        00000
__size_of_OSCILLATOR_Initialize             (abs)        00000
__size_of_PIN_MANAGER_IOC                   (abs)        00000
__size_of_PIN_MANAGER_Initialize            (abs)        00000
__size_of_PMD_Initialize                    (abs)        00000
__size_of_PWM1_Initialize                   (abs)        00000
__size_of_PWM1_LoadDutyValue                (abs)        00000
__size_of_PWM2_Initialize                   (abs)        00000
__size_of_PWM2_LoadDutyValue                (abs)        00000
__size_of_PWM3_Initialize                   (abs)        00000
__size_of_PWM3_LoadDutyValue                (abs)        00000
__size_of_PWM4_Initialize                   (abs)        00000
__size_of_PWM4_LoadDutyValue                (abs)        00000
__size_of_PWM5_Initialize                   (abs)        00000
__size_of_PWM5_LoadDutyValue                (abs)        00000
__size_of_PWM6_Initialize                   (abs)        00000
__size_of_PWM6_LoadDutyValue                (abs)        00000
__size_of_RCS_INT                           (abs)        00000
__size_of_RCSxLED                           (abs)        00000
__size_of_SYSTEM_Initialize                 (abs)        00000
__size_of_TMR0_DefaultInterruptHandler      (abs)        00000
__size_of_TMR0_INT                          (abs)        00000
__size_of_TMR0_ISR                          (abs)        00000
__size_of_TMR0_Initialize                   (abs)        00000
__size_of_TMR0_SetInterruptHandler          (abs)        00000
__size_of_TMR1_DefaultInterruptHandler      (abs)        00000
__size_of_TMR1_INT                          (abs)        00000
__size_of_TMR1_ISR                          (abs)        00000
__size_of_TMR1_Initialize                   (abs)        00000
__size_of_TMR1_Reload                       (abs)        00000
__size_of_TMR1_SetInterruptHandler          (abs)        00000
__size_of_TMR1_WriteTimer                   (abs)        00000
__size_of_TMR2_Initialize                   (abs)        00000
__size_of___bmul                            (abs)        00000
__size_of___lmul                            (abs)        00000
__size_of_main                              (abs)        00000
__size_of_rand                              (abs)        00000
__size_of_srand                             (abs)        00000
_main                                       maintext     00272
_pAdcResult                                 bssBANK0     0002F
_rand                                       text22       00408
_seed                                       bssBANK0     00036
_srand                                      text20       006C0
_timer0ReloadVal16bit                       bssCOMMON    0007A
_timer1ReloadVal                            bssBANK0     00028
btemp                                       (abs)        0007E
clear_ram0                                  clrtext      00717
end_of_initialization                       cinit        00036
init_ram                                    inittext     00711
int$flags                                   (abs)        0007E
intlevel0                                   functab      00000
intlevel1                                   functab      00000
intlevel2                                   functab      00000
intlevel3                                   functab      00000
intlevel4                                   functab      00000
intlevel5                                   functab      00000
main@i                                      cstackBANK0  0004C
reset_vec                                   reset_vec    00000
srand@s                                     cstackCOMMON 00072
start                                       init         00019
start_initialization                        cinit        0001A
wtemp0                                      (abs)        0007E


FUNCTION INFORMATION:

 *************** function _main *****************
 Defined at:
		line 71 in file "Main.c"
 Parameters:    Size  Location     Type
		None
 Auto vars:     Size  Location     Type
  i               1   18[BANK0 ] unsigned char 
 Return value:  Size  Location     Type
                  1    wreg      void 
 Registers used:
		wreg, fsr0l, fsr0h, fsr1l, fsr1h, status,2, status,0, pclath, cstack
 Tracked objects:
		On entry : 
		On exit  : 
		Unchanged: 
 Data sizes:     COMMON   BANK0   BANK1   BANK2
      Params:         0       0       0       0
      Locals:         0       1       0       0
      Temps:          0       2       0       0
      Totals:         0       3       0       0
Total ram usage:        3 bytes
 Hardware stack levels required when called:   10
 This function calls:
		_ADC_GetConversionResult
		_ADC_IsConversionDone
		_ADC_SelectChannel
		_ADC_StartConversion
		_BATTxPROTECT
		_EXECUTExEFFECT
		_INITxEXECUTER
		_IOCCF1_SetInterruptHandler
		_RCSxLED
		_SYSTEM_Initialize
		_TMR0_SetInterruptHandler
		_TMR1_SetInterruptHandler
 This function is called by:
		Startup code after reset
 This function uses a non-reentrant model


 *************** function _SYSTEM_Initialize *****************
 Defined at:
		line 50 in file "mcc_generated_files/mcc.c"
 Parameters:    Size  Location     Type
		None
 Auto vars:     Size  Location     Type
		None
 Return value:  Size  Location     Type
                  1    wreg      void 
 Registers used:
		wreg, status,2, status,0, pclath, cstack
 Tracked objects:
		On entry : 
		On exit  : 
		Unchanged: 
 Data sizes:     COMMON   BANK0   BANK1   BANK2
      Params:         0       0       0       0
      Locals:         0       0       0       0
      Temps:          0       0       0       0
      Totals:         0       0       0       0
Total ram usage:        0 bytes
 Hardware stack levels used:    1
 Hardware stack levels required when called:    8
 This function calls:
		_ADC_Initialize
		_FVR_Initialize
		_OSCILLATOR_Initialize
		_PIN_MANAGER_Initialize
		_PMD_Initialize
		_PWM1_Initialize
		_PWM2_Initialize
		_PWM3_Initialize
		_PWM4_Initialize
		_PWM5_Initialize
		_PWM6_Initialize
		_TMR0_Initialize
		_TMR1_Initialize
		_TMR2_Initialize
 This function is called by:
		_main
 This function uses a non-reentrant model


 *************** function _TMR2_Initialize *****************
 Defined at:
		line 62 in file "mcc_generated_files/tmr2.c"
 Parameters:    Size  Location     Type
		None
 Auto vars:     Size  Location     Type
		None
 Return value:  Size  Location     Type
                  1    wreg      void 
 Registers used:
		wreg, status,2
 Tracked objects:
		On entry : 
		On exit  : 
		Unchanged: 
 Data sizes:     COMMON   BANK0   BANK1   BANK2
      Params:         0       0       0       0
      Locals:         0       0       0       0
      Temps:          0       0       0       0
      Totals:         0       0       0       0
Total ram usage:        0 bytes
 Hardware stack levels used:    1
 Hardware stack levels required when called:    6
 This function calls:
		Nothing
 This function is called by:
		_SYSTEM_Initialize
 This function uses a non-reentrant model


 *************** function _TMR1_Initialize *****************
 Defined at:
		line 64 in file "mcc_generated_files/tmr1.c"
 Parameters:    Size  Location     Type
		None
 Auto vars:     Size  Location     Type
		None
 Return value:  Size  Location     Type
                  1    wreg      void 
 Registers used:
		wreg, status,2, status,0, pclath, cstack
 Tracked objects:
		On entry : 
		On exit  : 
		Unchanged: 
 Data sizes:     COMMON   BANK0   BANK1   BANK2
      Params:         0       0       0       0
      Locals:         0       0       0       0
      Temps:          0       0       0       0
      Totals:         0       0       0       0
Total ram usage:        0 bytes
 Hardware stack levels used:    1
 Hardware stack levels required when called:    7
 This function calls:
		_TMR1_SetInterruptHandler
 This function is called by:
		_SYSTEM_Initialize
 This function uses a non-reentrant model


 *************** function _TMR1_SetInterruptHandler *****************
 Defined at:
		line 178 in file "mcc_generated_files/tmr1.c"
 Parameters:    Size  Location     Type
  InterruptHan    2    2[COMMON] PTR FTN()void 
		 -> TMR1_INT(1), TMR1_DefaultInterruptHandler(1), 
 Auto vars:     Size  Location     Type
		None
 Return value:  Size  Location     Type
                  1    wreg      void 
 Registers used:
		wreg
 Tracked objects:
		On entry : 
		On exit  : 
		Unchanged: 
 Data sizes:     COMMON   BANK0   BANK1   BANK2
      Params:         2       0       0       0
      Locals:         0       0       0       0
      Temps:          0       0       0       0
      Totals:         2       0       0       0
Total ram usage:        2 bytes
 Hardware stack levels used:    1
 Hardware stack levels required when called:    6
 This function calls:
		Nothing
 This function is called by:
		_TMR1_Initialize
		_main
 This function uses a non-reentrant model


 *************** function _TMR0_Initialize *****************
 Defined at:
		line 66 in file "mcc_generated_files/tmr0.c"
 Parameters:    Size  Location     Type
		None
 Auto vars:     Size  Location     Type
		None
 Return value:  Size  Location     Type
                  1    wreg      void 
 Registers used:
		wreg, status,2, status,0, pclath, cstack
 Tracked objects:
		On entry : 
		On exit  : 
		Unchanged: 
 Data sizes:     COMMON   BANK0   BANK1   BANK2
      Params:         0       0       0       0
      Locals:         0       0       0       0
      Temps:          0       0       0       0
      Totals:         0       0       0       0
Total ram usage:        0 bytes
 Hardware stack levels used:    1
 Hardware stack levels required when called:    7
 This function calls:
		_TMR0_SetInterruptHandler
 This function is called by:
		_SYSTEM_Initialize
 This function uses a non-reentrant model


 *************** function _TMR0_SetInterruptHandler *****************
 Defined at:
		line 151 in file "mcc_generated_files/tmr0.c"
 Parameters:    Size  Location     Type
  InterruptHan    2    2[COMMON] PTR FTN()void 
		 -> TMR0_INT(1), TMR0_DefaultInterruptHandler(1), 
 Auto vars:     Size  Location     Type
		None
 Return value:  Size  Location     Type
                  1    wreg      void 
 Registers used:
		wreg
 Tracked objects:
		On entry : 
		On exit  : 
		Unchanged: 
 Data sizes:     COMMON   BANK0   BANK1   BANK2
      Params:         2       0       0       0
      Locals:         0       0       0       0
      Temps:          0       0       0       0
      Totals:         2       0       0       0
Total ram usage:        2 bytes
 Hardware stack levels used:    1
 Hardware stack levels required when called:    6
 This function calls:
		Nothing
 This function is called by:
		_TMR0_Initialize
		_main
 This function uses a non-reentrant model


 *************** function _PWM6_Initialize *****************
 Defined at:
		line 58 in file "mcc_generated_files/pwm6.c"
 Parameters:    Size  Location     Type
		None
 Auto vars:     Size  Location     Type
		None
 Return value:  Size  Location     Type
                  1    wreg      void 
 Registers used:
		wreg
 Tracked objects:
[...]
      Locals:         0       0       0       0
      Temps:          1       0       0       0
      Totals:         1       0       0       0
Total ram usage:        1 bytes
 Hardware stack levels used:    1
 Hardware stack levels required when called:    6
 This function calls:
		Nothing
 This function is called by:
		_main
 This function uses a non-reentrant model


 *************** function _ADC_StartConversion *****************
 Defined at:
		line 96 in file "mcc_generated_files/adc.c"
 Parameters:    Size  Location     Type
		None
 Auto vars:     Size  Location     Type
		None
 Return value:  Size  Location     Type
                  1    wreg      void 
 Registers used:
		None
 Tracked objects:
		On entry : 
		On exit  : 
		Unchanged: 
 Data sizes:     COMMON   BANK0   BANK1   BANK2
      Params:         0       0       0       0
      Locals:         0       0       0       0
      Temps:          0       0       0       0
      Totals:         0       0       0       0
Total ram usage:        0 bytes
 Hardware stack levels used:    1
 Hardware stack levels required when called:    6
 This function calls:
		Nothing
 This function is called by:
		_main
 This function uses a non-reentrant model


 *************** function _ADC_SelectChannel *****************
 Defined at:
		line 88 in file "mcc_generated_files/adc.c"
 Parameters:    Size  Location     Type
  channel         1    wreg     enum E6234
 Auto vars:     Size  Location     Type
  channel         1    3[COMMON] enum E6234
 Return value:  Size  Location     Type
                  1    wreg      void 
 Registers used:
		wreg, status,2, status,0
 Tracked objects:
		On entry : 
		On exit  : 
		Unchanged: 
 Data sizes:     COMMON   BANK0   BANK1   BANK2
      Params:         0       0       0       0
      Locals:         1       0       0       0
      Temps:          1       0       0       0
      Totals:         2       0       0       0
Total ram usage:        2 bytes
 Hardware stack levels used:    1
 Hardware stack levels required when called:    6
 This function calls:
		Nothing
 This function is called by:
		_main
 This function uses a non-reentrant model


 *************** function _ADC_IsConversionDone *****************
 Defined at:
		line 103 in file "mcc_generated_files/adc.c"
 Parameters:    Size  Location     Type
		None
 Auto vars:     Size  Location     Type
		None
 Return value:  Size  Location     Type
                  1    wreg      _Bool 
 Registers used:
		wreg, status,0
 Tracked objects:
		On entry : 
		On exit  : 
		Unchanged: 
 Data sizes:     COMMON   BANK0   BANK1   BANK2
      Params:         0       0       0       0
      Locals:         0       0       0       0
      Temps:          0       0       0       0
      Totals:         0       0       0       0
Total ram usage:        0 bytes
 Hardware stack levels used:    1
 Hardware stack levels required when called:    6
 This function calls:
		Nothing
 This function is called by:
		_main
 This function uses a non-reentrant model


 *************** function _ADC_GetConversionResult *****************
 Defined at:
		line 109 in file "mcc_generated_files/adc.c"
 Parameters:    Size  Location     Type
		None
 Auto vars:     Size  Location     Type
		None
 Return value:  Size  Location     Type
                  2    2[COMMON] unsigned short 
 Registers used:
		wreg
 Tracked objects:
		On entry : 
		On exit  : 
		Unchanged: 
 Data sizes:     COMMON   BANK0   BANK1   BANK2
      Params:         2       0       0       0
      Locals:         0       0       0       0
      Temps:          0       0       0       0
      Totals:         2       0       0       0
Total ram usage:        2 bytes
 Hardware stack levels used:    1
 Hardware stack levels required when called:    6
 This function calls:
		Nothing
 This function is called by:
		_main
 This function uses a non-reentrant model


 *************** function _INTERRUPT_InterruptManager *****************
 Defined at:
		line 52 in file "mcc_generated_files/interrupt_manager.c"
 Parameters:    Size  Location     Type
		None
 Auto vars:     Size  Location     Type
		None
 Return value:  Size  Location     Type
                  1    wreg      void 
 Registers used:
		wreg, status,2, status,0, pclath, cstack
 Tracked objects:
		On entry : 
		On exit  : 
		Unchanged: 
 Data sizes:     COMMON   BANK0   BANK1   BANK2
      Params:         0       0       0       0
      Locals:         0       0       0       0
      Temps:          0       0       0       0
      Totals:         0       0       0       0
Total ram usage:        0 bytes
 Hardware stack levels used:    1
 Hardware stack levels required when called:    5
 This function calls:
		_PIN_MANAGER_IOC
		_TMR0_ISR
		_TMR1_ISR
 This function is called by:
		Interrupt level 1
 This function uses a non-reentrant model


 *************** function _TMR1_ISR *****************
 Defined at:
		line 164 in file "mcc_generated_files/tmr1.c"
 Parameters:    Size  Location     Type
		None
 Auto vars:     Size  Location     Type
		None
 Return value:  Size  Location     Type
                  1    wreg      void 
 Registers used:
		wreg, status,2, status,0, pclath, cstack
 Tracked objects:
		On entry : 
		On exit  : 
		Unchanged: 
 Data sizes:     COMMON   BANK0   BANK1   BANK2
      Params:         0       0       0       0
      Locals:         0       0       0       0
      Temps:          0       0       0       0
      Totals:         0       0       0       0
Total ram usage:        0 bytes
 Hardware stack levels used:    1
 Hardware stack levels required when called:    1
 This function calls:
		Absolute function
		_TMR1_DefaultInterruptHandler
		_TMR1_INT
		_TMR1_WriteTimer
 This function is called by:
		_INTERRUPT_InterruptManager
 This function uses a non-reentrant model


 *************** function _TMR1_DefaultInterruptHandler *****************
 Defined at:
		line 182 in file "mcc_generated_files/tmr1.c"
 Parameters:    Size  Location     Type
		None
 Auto vars:     Size  Location     Type
		None
 Return value:  Size  Location     Type
                  1    wreg      void 
 Registers used:
		None
 Tracked objects:
		On entry : 
		On exit  : 
		Unchanged: 
 Data sizes:     COMMON   BANK0   BANK1   BANK2
      Params:         0       0       0       0
      Locals:         0       0       0       0
      Temps:          0       0       0       0
      Totals:         0       0       0       0
Total ram usage:        0 bytes
 Hardware stack levels used:    1
 This function calls:
		Nothing
 This function is called by:
		_TMR1_Initialize
		_TMR1_ISR
 This function uses a non-reentrant model


 *************** function _TMR1_INT *****************
 Defined at:
		line 170 in file "Main.c"
 Parameters:    Size  Location     Type
		None
 Auto vars:     Size  Location     Type
		None
 Return value:  Size  Location     Type
                  1    wreg      void 
 Registers used:
		None
 Tracked objects:
		On entry : 
		On exit  : 
		Unchanged: 
 Data sizes:     COMMON   BANK0   BANK1   BANK2
      Params:         0       0       0       0
      Locals:         0       0       0       0
      Temps:          0       0       0       0
      Totals:         0       0       0       0
Total ram usage:        0 bytes
 Hardware stack levels used:    1
 This function calls:
		Nothing
 This function is called by:
		_main
		_TMR1_ISR
 This function uses a non-reentrant model


 *************** function _TMR0_ISR *****************
 Defined at:
		line 134 in file "mcc_generated_files/tmr0.c"
 Parameters:    Size  Location     Type
		None
 Auto vars:     Size  Location     Type
		None
 Return value:  Size  Location     Type
                  1    wreg      void 
 Registers used:
		wreg, status,2, status,0, pclath, cstack
 Tracked objects:
		On entry : 
		On exit  : 
		Unchanged: 
 Data sizes:     COMMON   BANK0   BANK1   BANK2
      Params:         0       0       0       0
      Locals:         0       0       0       0
      Temps:          0       0       0       0
      Totals:         0       0       0       0
Total ram usage:        0 bytes
 Hardware stack levels used:    1
 Hardware stack levels required when called:    1
 This function calls:
		Absolute function
		_TMR0_DefaultInterruptHandler
		_TMR0_INT
 This function is called by:
		_INTERRUPT_InterruptManager
 This function uses a non-reentrant model


 *************** function _TMR0_DefaultInterruptHandler *****************
 Defined at:
		line 155 in file "mcc_generated_files/tmr0.c"
 Parameters:    Size  Location     Type
		None
 Auto vars:     Size  Location     Type
		None
 Return value:  Size  Location     Type
                  1    wreg      void 
 Registers used:
		None
 Tracked objects:
		On entry : 
		On exit  : 
		Unchanged: 
 Data sizes:     COMMON   BANK0   BANK1   BANK2
      Params:         0       0       0       0
      Locals:         0       0       0       0
      Temps:          0       0       0       0
      Totals:         0       0       0       0
Total ram usage:        0 bytes
 Hardware stack levels used:    1
 This function calls:
		Nothing
 This function is called by:
		_TMR0_Initialize
		_TMR0_ISR
 This function uses a non-reentrant model


 *************** function _TMR0_INT *****************
 Defined at:
		line 165 in file "Main.c"
 Parameters:    Size  Location     Type
		None
 Auto vars:     Size  Location     Type
		None
 Return value:  Size  Location     Type
                  1    wreg      void 
 Registers used:
		None
 Tracked objects:
		On entry : 
		On exit  : 
		Unchanged: 
 Data sizes:     COMMON   BANK0   BANK1   BANK2
      Params:         0       0       0       0
      Locals:         0       0       0       0
      Temps:          0       0       0       0
      Totals:         0       0       0       0
Total ram usage:        0 bytes
 Hardware stack levels used:    1
 This function calls:
		Nothing
 This function is called by:
		_main
		_TMR0_ISR
 This function uses a non-reentrant model


 *************** function _PIN_MANAGER_IOC *****************
 Defined at:
		line 130 in file "mcc_generated_files/pin_manager.c"
 Parameters:    Size  Location     Type
		None
 Auto vars:     Size  Location     Type
		None
 Return value:  Size  Location     Type
                  1    wreg      void 
 Registers used:
		wreg, status,2, status,0, pclath, cstack
 Tracked objects:
		On entry : 
		On exit  : 
		Unchanged: 
 Data sizes:     COMMON   BANK0   BANK1   BANK2
      Params:         0       0       0       0
      Locals:         0       0       0       0
      Temps:          0       0       0       0
      Totals:         0       0       0       0
Total ram usage:        0 bytes
 Hardware stack levels used:    1
 Hardware stack levels required when called:    4
 This function calls:
		_IOCCF1_ISR
 This function is called by:
		_INTERRUPT_InterruptManager
 This function uses a non-reentrant model


 *************** function _IOCCF1_ISR *****************
 Defined at:
		line 142 in file "mcc_generated_files/pin_manager.c"
 Parameters:    Size  Location     Type
		None
 Auto vars:     Size  Location     Type
		None
 Return value:  Size  Location     Type
                  1    wreg      void 
 Registers used:
		wreg, status,2, status,0, pclath, cstack
 Tracked objects:
		On entry : 
		On exit  : 
		Unchanged: 
 Data sizes:     COMMON   BANK0   BANK1   BANK2
      Params:         0       0       0       0
      Locals:         0       0       0       0
      Temps:          0       0       0       0
      Totals:         0       0       0       0
Total ram usage:        0 bytes
 Hardware stack levels used:    1
 Hardware stack levels required when called:    3
 This function calls:
		Absolute function
		_IOCCF1_DefaultInterruptHandler
		_RCS_INT
 This function is called by:
		_PIN_MANAGER_IOC
 This function uses a non-reentrant model


 *************** function _IOCCF1_DefaultInterruptHandler *****************
 Defined at:
		line 164 in file "mcc_generated_files/pin_manager.c"
 Parameters:    Size  Location     Type
		None
 Auto vars:     Size  Location     Type
		None
 Return value:  Size  Location     Type
                  1    wreg      void 
 Registers used:
		None
 Tracked objects:
		On entry : 
		On exit  : 
		Unchanged: 
 Data sizes:     COMMON   BANK0   BANK1   BANK2
      Params:         0       0       0       0
      Locals:         0       0       0       0
      Temps:          0       0       0       0
      Totals:         0       0       0       0
Total ram usage:        0 bytes
 Hardware stack levels used:    1
 This function calls:
		Nothing
 This function is called by:
		_PIN_MANAGER_Initialize
		_IOCCF1_ISR
 This function uses a non-reentrant model


 *************** function _RCS_INT *****************
 Defined at:
		line 178 in file "Main.c"
 Parameters:    Size  Location     Type
		None
 Auto vars:     Size  Location     Type
		None
 Return value:  Size  Location     Type
                  1    wreg      void 
 Registers used:
		wreg, status,2, status,0, pclath, cstack
 Tracked objects:
		On entry : 
		On exit  : 
		Unchanged: 
 Data sizes:     COMMON   BANK0   BANK1   BANK2
      Params:         0       0       0       0
      Locals:         0       0       0       0
      Temps:          0       0       0       0
      Totals:         0       0       0       0
Total ram usage:        0 bytes
 Hardware stack levels used:    1
 Hardware stack levels required when called:    2
 This function calls:
		_TMR1_Reload
 This function is called by:
		_main
		_IOCCF1_ISR
 This function uses a non-reentrant model


 *************** function _TMR1_Reload *****************
 Defined at:
		line 149 in file "mcc_generated_files/tmr1.c"
 Parameters:    Size  Location     Type
		None
 Auto vars:     Size  Location     Type
		None
 Return value:  Size  Location     Type
                  1    wreg      void 
 Registers used:
		wreg, status,2, status,0, pclath, cstack
 Tracked objects:
		On entry : 
		On exit  : 
		Unchanged: 
 Data sizes:     COMMON   BANK0   BANK1   BANK2
      Params:         0       0       0       0
      Locals:         0       0       0       0
      Temps:          0       0       0       0
      Totals:         0       0       0       0
Total ram usage:        0 bytes
 Hardware stack levels used:    1
 Hardware stack levels required when called:    1
 This function calls:
		_TMR1_WriteTimer
 This function is called by:
		_RCS_INT
 This function uses a non-reentrant model


 *************** function _TMR1_WriteTimer *****************
 Defined at:
		line 127 in file "mcc_generated_files/tmr1.c"
 Parameters:    Size  Location     Type
  timerVal        2    0[COMMON] unsigned short 
 Auto vars:     Size  Location     Type
		None
 Return value:  Size  Location     Type
                  1    wreg      void 
 Registers used:
		wreg, status,2
 Tracked objects:
		On entry : 
		On exit  : 
		Unchanged: 
 Data sizes:     COMMON   BANK0   BANK1   BANK2
      Params:         2       0       0       0
      Locals:         0       0       0       0
      Temps:          0       0       0       0
      Totals:         2       0       0       0
Total ram usage:        2 bytes
 Hardware stack levels used:    1
 This function calls:
		Nothing
 This function is called by:
		_TMR1_Reload
		_TMR1_ISR
 This function uses a non-reentrant model



MODULE INFORMATION

Module		Function		Class		Link	Load	Size
mcc_generated_files/pwm6.c
		_PWM6_LoadDutyValue		CODE           	05C3	0000	22
		_PWM6_Initialize		CODE           	06D3	0000	8

mcc_generated_files/pwm6.c estimated size: 30

mcc_generated_files/fvr.c
		_FVR_Initialize		CODE           	073F	0000	4

mcc_generated_files/fvr.c estimated size: 4

C:\Program Files\Microchip\xc8\v2.31\pic\sources\c99\common\Umul32.c
		___lmul        		CODE           	046D	0000	50

C:\Program Files\Microchip\xc8\v2.31\pic\sources\c99\common\Umul32.c estimated size: 50

mcc_generated_files/pwm4.c
		_PWM4_Initialize		CODE           	06E3	0000	8
		_PWM4_LoadDutyValue		CODE           	05AD	0000	22

mcc_generated_files/pwm4.c estimated size: 30

mcc_generated_files/tmr2.c
		_TMR2_Initialize		CODE           	0672	0000	14

mcc_generated_files/tmr2.c estimated size: 14

C:\Program Files\Microchip\xc8\v2.31\pic\sources\c99\common\rand.c
		_srand         		CODE           	06C0	0000	10
		_rand          		CODE           	0408	0000	51

C:\Program Files\Microchip\xc8\v2.31\pic\sources\c99\common\rand.c estimated size: 61

mcc_generated_files/interrupt_manager.c
		_INTERRUPT_InterruptManager		CODE           	0004	0000	21

mcc_generated_files/interrupt_manager.c estimated size: 21

mcc_generated_files/pwm2.c
		_PWM2_Initialize		CODE           	06F3	0000	8
		_PWM2_LoadDutyValue		CODE           	0633	0000	17

mcc_generated_files/pwm2.c estimated size: 25

mcc_generated_files/tmr0.c
		_TMR0_SetInterruptHandler		CODE           	0723	0000	6
		_TMR0_DefaultInterruptHandler		CODE           	074F	0000	1
		_TMR0_ISR      		CODE           	05FF	0000	18
		_TMR0_Initialize		CODE           	056A	0000	23

mcc_generated_files/tmr0.c estimated size: 48

mcc_generated_files/pin_manager.c
		_PIN_MANAGER_Initialize		CODE           	043B	0000	50
		_IOCCF1_DefaultInterruptHandler		CODE           	0750	0000	1
		_IOCCF1_ISR    		CODE           	06A7	0000	13
		_PIN_MANAGER_IOC		CODE           	0735	0000	5
		_IOCCF1_SetInterruptHandler		CODE           	0729	0000	6

mcc_generated_files/pin_manager.c estimated size: 75

mcc_generated_files/adc.c
		_ADC_Initialize		CODE           	06CA	0000	9
		_ADC_IsConversionDone		CODE           	0703	0000	7
		_ADC_GetConversionResult		CODE           	072F	0000	6
		_ADC_StartConversion		CODE           	074B	0000	3
		_ADC_SelectChannel		CODE           	069A	0000	13

mcc_generated_files/adc.c estimated size: 38

executer.c
		_LedFlash      		CODE           	01C2	0000	176
		_LedSlFl       		CODE           	0039	0000	393
		_EXECUTExEFFECT		CODE           	049F	0000	49
		_LedBrake      		CODE           	05D9	0000	19
		_BATTxPROTECT  		CODE           	0527	0000	37
		_LedNom        		CODE           	03CA	0000	62
		_CalcPwm       		CODE           	0501	0000	38
		_LedOff        		CODE           	04D0	0000	49
		_RCSxLED       		CODE           	030A	0000	126
		_INITxEXECUTER 		CODE           	068D	0000	13

executer.c estimated size: 962

Main.c
		_main          		CODE           	0272	0000	152
		_RCS_INT       		CODE           	073A	0000	5
		_TMR0_INT      		CODE           	0747	0000	4
		_TMR1_INT      		CODE           	0743	0000	4

Main.c estimated size: 165

shared
		__initialization		CODE           	001A	0000	28

shared estimated size: 28

mcc_generated_files/pwm5.c
		_PWM5_LoadDutyValue		CODE           	0581	0000	22
		_PWM5_Initialize		CODE           	06DB	0000	8

mcc_generated_files/pwm5.c estimated size: 30

mcc_generated_files/mcc.c
		_PMD_Initialize		CODE           	0680	0000	13
		_OSCILLATOR_Initialize		CODE           	06B4	0000	12
		_SYSTEM_Initialize		CODE           	0654	0000	15

mcc_generated_files/mcc.c estimated size: 40

mcc_generated_files/pwm3.c
		_PWM3_Initialize		CODE           	06EB	0000	8
		_PWM3_LoadDutyValue		CODE           	0597	0000	22

mcc_generated_files/pwm3.c estimated size: 30

mcc_generated_files/tmr1.c
		_TMR1_Initialize		CODE           	054C	0000	30
		_TMR1_SetInterruptHandler		CODE           	071D	0000	6
		_TMR1_Reload   		CODE           	070A	0000	7
		_TMR1_DefaultInterruptHandler		CODE           	074E	0000	1
		_TMR1_WriteTimer		CODE           	0663	0000	15
		_TMR1_ISR      		CODE           	05EC	0000	19

mcc_generated_files/tmr1.c estimated size: 78

mcc_generated_files/pwm1.c
		_PWM1_Initialize		CODE           	06FB	0000	8
		_PWM1_LoadDutyValue		CODE           	0622	0000	17

mcc_generated_files/pwm1.c estimated size: 25

C:\Program Files\Microchip\xc8\v2.31\pic\sources\c99\common\Umul8.c
		___bmul        		CODE           	0611	0000	17

C:\Program Files\Microchip\xc8\v2.31\pic\sources\c99\common\Umul8.c estimated size: 17

