Microchip MPLAB XC8 Compiler V1.45 ()

Linker command line:

--edf=C:\Localdata\Microchip\xc8\v1.45\dat\en_msgs.txt -cs \
  -h+dist/default/production\SiebwaldeTrackAmplifier2.X.production.sym \
  --cmf=dist/default/production\SiebwaldeTrackAmplifier2.X.production.cmf \
  -z -Q16F767 -oC:\Users\jsiebers\AppData\Local\Temp\s2m64.2 \
  -Mdist/default/production/SiebwaldeTrackAmplifier2.X.production.map -E1 \
  -ver=XC8 -ASTACK=0110h-016fh -pstack=STACK -ACODE=00h-07FFhx4 \
  -ASTRCODE=00h-01FFFh -ASTRING=00h-0FFhx32 -ACONST=00h-0FFhx32 \
  -AENTRY=00h-0FFhx32 -ACOMMON=070h-07Fh -ABANK0=020h-06Fh \
  -ABANK1=0A0h-0EFh -ABANK2=0110h-016Fh -ABANK3=0190h-01EFh \
  -ARAM=020h-06Fh,0A0h-0EFh,0110h-016Fh,0190h-01EFh \
  -AABS1=020h-07Fh,0A0h-0EFh,0110h-016Fh,0190h-01EFh -ASFR0=00h-01Fh \
  -ASFR1=080h-09Fh -ASFR2=0100h-010Fh -ASFR3=0180h-018Fh \
  -preset_vec=00h,intentry=04h,init,end_init -ppowerup=CODE -pcinit=CODE \
  -pfunctab=ENTRY -ACONFIG=02007h-02008h -pconfig=CONFIG -DCONFIG=2 \
  -AIDLOC=02000h-02003h -pidloc=IDLOC -DIDLOC=2 -DCODE=2 -DSTRCODE=2 \
  -DSTRING=2 -DCONST=2 -DENTRY=2 -k \
  C:\Users\jsiebers\AppData\Local\Temp\s2m64.obj \
  dist/default/production\SiebwaldeTrackAmplifier2.X.production.obj 

Object code version is 3.11

Machine type is 16F767



                Name                               Link     Load   Length Selector   Space Scale
C:\Users\jsiebers\AppData\Local\Temp\s2m64.obj
                end_init                             12       12        3        8       0
                reset_vec                             0        0        3        0       0
                config                             2007     2007        2     400E       0
dist/default/production\SiebwaldeTrackAmplifier2.X.production.obj
                cinit                                15       15       3E        8       0
                intentry                              4        4        E        8       0
                text30                              FBB      FBB        7     1F76       0
                text29                               8A       8A       14        8       0
                text28                              79A      79A       23      624       0
                text27                               B1       B1       12        8       0
                text26                              FF1      FF1        F     1FE2       0
                text25                              FAF      FAF        4     1F5E       0
                text24                               6F       6F       1B        8       0
                text23                              FB3      FB3        4     1F66       0
                text22                               D3       D3       10        8       0
                text21                               53       53       1C        8       0
                text20                              FDC      FDC        A     1FB8       0
                text19                              7DF      7DF       1C      624       0
                text18                              312      312       EC      624       0
                text17                              550      550       9F      624       0
                text16                              5EF      5EF       7E      624       0
                text15                              FCA      FCA        9     1F94       0
                text14                              66D      66D       62      624       0
                text13                              6CF      6CF       58      624       0
                text12                              FE6      FE6        B     1FCC       0
                text11                              3FE      3FE       AF      624       0
                text10                               F2       F2        C        8       0
                text9                               7BD      7BD       22      624       0
                text8                                E3       E3        F        8       0
                text7                               4AD      4AD       A3      624       0
                text6                               727      727       44      624       0
                text5                               FAC      FAC        3     1F58       0
                text4                               FB7      FB7        4     1F6E       0
                text3                                C3       C3       10        8       0
                text2                               FD3      FD3        9     1FA6       0
                text1                                9E       9E       13        8       0
                maintext                            76B      76B       2F      624       0
                cstackBANK0                          4D       4D        F       20       1
                cstackCOMMON                         70       70        6       70       1
                clrtext                             FC2      FC2        8     1F84       0
                bssBANK3                            190      190       36      190       1
                bssBANK1                             A0       A0       44       A0       1
                dataBANK0                            5C       5C        5       20       1
                bssBANK0                             20       20       2D       20       1
                bssCOMMON                            76       76        4       70       1
                stringtext                          100      100      212        2       0
                idataBANK0                          7FB      7FB        5      624       0

TOTAL           Name                               Link     Load   Length     Space
        CLASS   STACK          

        CLASS   CODE           
                end_init                             12       12        3         0
                cinit                                15       15       3E         0
                intentry                              4        4        E         0
                reset_vec                             0        0        3         0
                text30                              FBB      FBB        7         0
                text29                               8A       8A       14         0
                text28                              79A      79A       23         0
                text27                               B1       B1       12         0
                text26                              FF1      FF1        F         0
                text25                              FAF      FAF        4         0
                text24                               6F       6F       1B         0
                text23                              FB3      FB3        4         0
                text22                               D3       D3       10         0
                text21                               53       53       1C         0
                text20                              FDC      FDC        A         0
                text19                              7DF      7DF       1C         0
                text18                              312      312       EC         0
                text17                              550      550       9F         0
                text16                              5EF      5EF       7E         0
                text15                              FCA      FCA        9         0
                text14                              66D      66D       62         0
                text13                              6CF      6CF       58         0
                text12                              FE6      FE6        B         0
                text11                              3FE      3FE       AF         0
                text10                               F2       F2        C         0
                text9                               7BD      7BD       22         0
                text8                                E3       E3        F         0
                text7                               4AD      4AD       A3         0
                text6                               727      727       44         0
                text5                               FAC      FAC        3         0
                text4                               FB7      FB7        4         0
                text3                                C3       C3       10         0
                text2                               FD3      FD3        9         0
                text1                                9E       9E       13         0
                maintext                            76B      76B       2F         0
                clrtext                             FC2      FC2        8         0
                idataBANK0                          7FB      7FB        5         0

        CLASS   STRCODE        
                stringtext                          100      100      212         0

        CLASS   STRING         

        CLASS   CONST          

        CLASS   ENTRY          

        CLASS   COMMON         
                cstackCOMMON                         70       70        6         1
                bssCOMMON                            76       76        4         1

        CLASS   BANK0          
                cstackBANK0                          4D       4D        F         1
                dataBANK0                            5C       5C        5         1
                bssBANK0                             20       20       2D         1

        CLASS   BANK1          
                bssBANK1                             A0       A0       44         1

        CLASS   BANK2          

        CLASS   BANK3          
                bssBANK3                            190      190       36         1

        CLASS   RAM            

        CLASS   ABS1           
                abs_s1                               7E       7E        2         1

        CLASS   SFR0           

        CLASS   SFR1           

        CLASS   SFR2           

        CLASS   SFR3           

        CLASS   CONFIG         
                config                             2007     2007        2         0

        CLASS   IDLOC          

        CLASS   EEDATA         



SEGMENTS        Name                           Load    Length   Top    Selector   Space  Class     Delta

                reset_vec                      000000  000003  000003         0       0  CODE        2
                intentry                       000004  0000FA  0000FE         8       0  CODE        2
                bssBANK0                       000020  000041  000061        20       1  BANK0       1
                cstackCOMMON                   000070  00000A  00007A        70       1  COMMON      1
                bssBANK1                       0000A0  000044  0000E4        A0       1  BANK1       1
                bssBANK3                       000190  000036  0001C6       190       1  BANK3       1
                stringtext                     000100  000212  000312         2       0  STRCODE     2
                text18                         000312  0004EE  000800       624       0  CODE        2
                text5                          000FAC  000003  000FAF      1F58       0  CODE        2
                text25                         000FAF  000004  000FB3      1F5E       0  CODE        2
                text23                         000FB3  000004  000FB7      1F66       0  CODE        2
                text4                          000FB7  000004  000FBB      1F6E       0  CODE        2
                text30                         000FBB  000007  000FC2      1F76       0  CODE        2
                clrtext                        000FC2  000008  000FCA      1F84       0  CODE        2
                text15                         000FCA  000009  000FD3      1F94       0  CODE        2
                text2                          000FD3  000009  000FDC      1FA6       0  CODE        2
                text20                         000FDC  00000A  000FE6      1FB8       0  CODE        2
                text12                         000FE6  00000B  000FF1      1FCC       0  CODE        2
                text26                         000FF1  00000F  001000      1FE2       0  CODE        2
                config                         002007  000002  002009      400E       0  CONFIG      2


UNUSED ADDRESS RANGES

        Name                Unused          Largest block    Delta
        BANK0            0061-006F              F           1
        BANK1            00E4-00EF              C           1
        BANK2            0110-016F             60           1
        BANK3            01C6-01EF             2A           1
        CODE             0003-0003              1           2
                         00FE-00FF              2
                         0800-0FAB            7AC
                         1000-1FFF            800
        COMMON           007A-007D              4           1
        CONST            0003-0003              1           2
                         00FE-00FF              2
                         0800-0FAB            100
                         1000-1FFF            100
        ENTRY            0003-0003              1           2
                         00FE-00FF              2
                         0800-0FAB            100
                         1000-1FFF            100
        IDLOC            2000-2003              4           2
        RAM              0061-006F              F           1
                         00E4-00EF              C
                         0110-016F             60
                         01C6-01EF             2A
        SFR0             0000-001F             20           1
        SFR1             0080-009F             20           1
        SFR2             0100-010F             10           1
        SFR3             0180-018F             10           1
        STACK            0110-016F             60           1
        STRCODE          0003-0003              1           2
                         00FE-00FF              2
                         0800-0FAB            7AC
                         1000-1FFF           1000
        STRING           0003-0003              1           2
                         00FE-00FF              2
                         0800-0FAB            100
                         1000-1FFF            100

                                  Symbol Table

CheckPetitModbusBufferComplete@PetitExpectedReceiveCount        cstackBANK0  004F
HandleMPetitodbusWriteMultipleRegisters@Petit_ByteCount         cstackBANK0  0053
HandleMPetitodbusWriteMultipleRegisters@Petit_NumberOfRegisters cstackBANK0  0058
HandleMPetitodbusWriteMultipleRegisters@Petit_StartAddress      cstackBANK0  0056
HandleMPetitodbusWriteMultipleRegisters@Petit_Value             cstackBANK0  0054
HandleMPetitodbusWriteMultipleRegisters@Petit_i                 cstackBANK0  005A
HandlePetitModbusError@ErrorCode                                cstackBANK0  004E
HandlePetitModbusReadHoldingRegisters@Petit_CurrentData         cstackBANK0  0051
HandlePetitModbusReadHoldingRegisters@Petit_NumberOfRegisters   cstackBANK0  0055
HandlePetitModbusReadHoldingRegisters@Petit_StartAddress        cstackBANK0  0053
HandlePetitModbusReadHoldingRegisters@Petit_i                   cstackBANK0  0057
HandlePetitModbusWriteSingleRegister@Petit_Address              cstackBANK0  0053
HandlePetitModbusWriteSingleRegister@Petit_Value                cstackBANK0  0051
HandlePetitModbusWriteSingleRegister@Petit_i                    cstackBANK0  0055
InitPetitModbus@PetitModbusSlaveAddress                         cstackBANK0  004E
PWM_LoadDutyValue@dutyValue                                     cstackBANK0  004D
PetitModBus_UART_Putch@c                                        cstackBANK0  004D
PetitModBus_UART_String@DummyCounter                            cstackBANK0  0052
PetitModBus_UART_String@Length                                  cstackBANK0  004E
PetitModBus_UART_String@s                                       cstackBANK0  0051
Petit_CRC16@CRC                                                 cstackBANK0  004D
Petit_CRC16@Data                                                cstackBANK0  0052
Petit_CRC16@uIndex                                              cstackBANK0  0053
Petit_CRC16@uchCRCHi                                            cstackBANK0  0054
Petit_CRC16@uchCRCLo                                            cstackBANK0  0056
Petit_RxDataAvailable@Result                                    cstackBANK0  004E
Petit_RxRTU@Petit_ReceiveBufferControl                          cstackBANK0  005A
Petit_RxRTU@Petit_i                                             cstackBANK0  005B
ReceiveInterrupt@Data                                           cstackCOMMON 0071
_ADCON1bits                                                     (abs)        009F
_CCP1CON                                                        (abs)        0017
_CCP1CONbits                                                    (abs)        0017
_CCPR1L                                                         (abs)        0015
_CheckPetitModbusBufferComplete                                 text14       066D
_HandleMPetitodbusWriteMultipleRegisters                        text18       0312
_HandlePetitModbusError                                         text19       07DF
_HandlePetitModbusReadHoldingRegisters                          text17       0550
_HandlePetitModbusWriteSingleRegister                           text16       05EF
_INTCONbits                                                     (abs)        000B
_INTERRUPT_Initialize                                           text5        0FAC
_INTERRUPT_InterruptManager                                     text27       00B1
_InitPetitModbus                                                text22       00D3
_InitTMR1                                                       text26       0FF1
_InitUART                                                       text24       006F
_OPTION_REGbits                                                 (abs)        0081
_OSCCON                                                         (abs)        008F
_OSCILLATOR_Initialize                                          text4        0FB7
_PETITMODBUS_BROADCAST_ADDRESS                                  bssBANK0     004C
_PETITMODBUS_SLAVE_ADDRESS                                      dataBANK0    005C
_PIE1bits                                                       (abs)        008C
_PIN_MANAGER_Initialize                                         text3        00C3
_PIR1bits                                                       (abs)        000C
_PORTCbits                                                      (abs)        0007
_PWM_Initialize                                                 text2        0FD3
_PWM_LoadDutyValue                                              text21       0053
_PetitModBus_TIMER_Initialise                                   text25       0FAF
_PetitModBus_TimerValues                                        text30       0FBB
_PetitModBus_UART_Initialise                                    text23       0FB3
_PetitModBus_UART_Putch                                         text10       00F2
_PetitModBus_UART_String                                        text9        07BD
_PetitModbusIntHandler                                          text28       079A
_PetitModbusTimerValue                                          bssCOMMON    0076
_PetitReceiveBuffer                                             bssBANK1     00C4
_PetitReceiveCounter                                            bssCOMMON    0079
_PetitRegisters                                                 bssBANK3     0190
_PetitSendMessage                                               text20       0FDC
_Petit_CRC16                                                    text13       06CF
_Petit_CheckRxTimeout                                           text12       0FE6
_Petit_DoSlaveTX                                                text8        00E3
_Petit_RxDataAvailable                                          text15       0FCA
_Petit_RxRTU                                                    text11       03FE
_Petit_Rx_CRC16                                                 dataBANK0    005D
_Petit_Rx_Data                                                  bssBANK0     0020
_Petit_Rx_Data_Available                                        bssCOMMON    0078
_Petit_Rx_State                                                 bssBANK0     004A
_Petit_TxRTU                                                    text7        04AD
_Petit_Tx_Buf                                                   bssBANK3     01A6
_Petit_Tx_Buf_Size                                              bssBANK0     0044
_Petit_Tx_CRC16                                                 dataBANK0    005F
_Petit_Tx_Current                                               bssBANK0     0046
_Petit_Tx_Data                                                  bssBANK1     00A0
_Petit_Tx_State                                                 bssBANK0     004B
_ProcessPetitModbus                                             text6        0727
_RCREG                                                          (abs)        001A
_RCSTAbits                                                      (abs)        0018
_ReceiveInterrupt                                               text29       008A
_SPBRG                                                          (abs)        0099
_SYSTEM_Initialize                                              text1        009E
_TMR0                                                           (abs)        0001
_TRISA                                                          (abs)        0085
_TRISB                                                          (abs)        0086
_TRISC                                                          (abs)        0087
_TRISCbits                                                      (abs)        0087
_TXREG                                                          (abs)        0019
_TXSTAbits                                                      (abs)        0098
_Timer1_Tick_Counter                                            bssBANK0     0048
__CFG_BOREN$OFF                                                 (abs)        0000
__CFG_BORSEN$OFF                                                (abs)        0000
__CFG_BORV$20                                                   (abs)        0000
__CFG_CCP2MX$RC1                                                (abs)        0000
__CFG_CP$OFF                                                    (abs)        0000
__CFG_DEBUG$ON                                                  (abs)        0000
__CFG_FCMEN$OFF                                                 (abs)        0000
__CFG_FOSC$HS                                                   (abs)        0000
__CFG_IESO$OFF                                                  (abs)        0000
__CFG_MCLRE$ON                                                  (abs)        0000
__CFG_PWRTE$OFF                                                 (abs)        0000
__CFG_WDTE$OFF                                                  (abs)        0000
__Habs1                                                         abs1         0000
__Hbank0                                                        bank0        0000
__Hbank1                                                        bank1        0000
__Hbank2                                                        bank2        0000
__Hbank3                                                        bank3        0000
__HbssBANK0                                                     bssBANK0     0000
__HbssBANK1                                                     bssBANK1     0000
__HbssBANK3                                                     bssBANK3     0000
__HbssCOMMON                                                    bssCOMMON    0000
__Hcinit                                                        cinit        0053
__Hclrtext                                                      clrtext      0000
__Hcode                                                         code         0000
__Hcommon                                                       common       0000
__Hconfig                                                       config       2009
__HcstackBANK0                                                  cstackBANK0  0000
__HcstackCOMMON                                                 cstackCOMMON 0000
__HdataBANK0                                                    dataBANK0    0000
__Heeprom_data                                                  eeprom_data  0000
__Hend_init                                                     end_init     0015
__Hfunctab                                                      functab      0000
__HidataBANK0                                                   idataBANK0   0000
__Hidloc                                                        idloc        0000
__Hinit                                                         init         0012
__Hintentry                                                     intentry     0012
__Hmaintext                                                     maintext     0000
__Hpowerup                                                      powerup      0000
__Hram                                                          ram          0000
__Hreset_vec                                                    reset_vec    0003
__Hsfr0                                                         sfr0         0000
__Hsfr1                                                         sfr1         0000
__Hsfr2                                                         sfr2         0000
__Hsfr3                                                         sfr3         0000
__Hspace_0                                                      (abs)        2009
__Hspace_1                                                      (abs)        01C6
__Hspace_2                                                      (abs)        0000
__Hspace_3                                                      (abs)        0000
__Hstack                                                        stack        0000
__Hstrings                                                      strings      0000
__Hstringtext                                                   stringtext   0000
__Htext                                                         text         0000
__Labs1                                                         abs1         0000
__Lbank0                                                        bank0        0000
__Lbank1                                                        bank1        0000
__Lbank2                                                        bank2        0000
__Lbank3                                                        bank3        0000
__LbssBANK0                                                     bssBANK0     0000
__LbssBANK1                                                     bssBANK1     0000
__LbssBANK3                                                     bssBANK3     0000
__LbssCOMMON                                                    bssCOMMON    0000
__Lcinit                                                        cinit        0015
__Lclrtext                                                      clrtext      0000
__Lcode                                                         code         0000
__Lcommon                                                       common       0000
__Lconfig                                                       config       2007
__LcstackBANK0                                                  cstackBANK0  0000
__LcstackCOMMON                                                 cstackCOMMON 0000
__LdataBANK0                                                    dataBANK0    0000
__Leeprom_data                                                  eeprom_data  0000
__Lend_init                                                     end_init     0012
__Lfunctab                                                      functab      0000
__LidataBANK0                                                   idataBANK0   0000
__Lidloc                                                        idloc        0000
__Linit                                                         init         0012
__Lintentry                                                     intentry     0004
__Lmaintext                                                     maintext     0000
__Lpowerup                                                      powerup      0000
__Lram                                                          ram          0000
__Lreset_vec                                                    reset_vec    0000
__Lsfr0                                                         sfr0         0000
__Lsfr1                                                         sfr1         0000
__Lsfr2                                                         sfr2         0000
__Lsfr3                                                         sfr3         0000
__Lspace_0                                                      (abs)        0000
__Lspace_1                                                      (abs)        0000
__Lspace_2                                                      (abs)        0000
__Lspace_3                                                      (abs)        0000
__Lstack                                                        stack        0000
__Lstrings                                                      strings      0000
__Lstringtext                                                   stringtext   0000
__Ltext                                                         text         0000
__S0                                                            (abs)        2009
__S1                                                            (abs)        01C6
__S2                                                            (abs)        0000
___int_sp                                                       stack        0000
___latbits                                                      (abs)        0002
___sp                                                           stack        0000
__end_of_CheckPetitModbusBufferComplete                         text14       06CF
__end_of_HandleMPetitodbusWriteMultipleRegisters                text18       03FE
__end_of_HandlePetitModbusError                                 text19       07FB
__end_of_HandlePetitModbusReadHoldingRegisters                  text17       05EF
__end_of_HandlePetitModbusWriteSingleRegister                   text16       066D
__end_of_INTERRUPT_Initialize                                   text5        0FAF
__end_of_INTERRUPT_InterruptManager                             text27       00C3
__end_of_InitPetitModbus                                        text22       00E3
__end_of_InitTMR1                                               text26       1000
__end_of_InitUART                                               text24       008A
__end_of_OSCILLATOR_Initialize                                  text4        0FBB
__end_of_PIN_MANAGER_Initialize                                 text3        00D3
__end_of_PWM_Initialize                                         text2        0FDC
__end_of_PWM_LoadDutyValue                                      text21       006F
__end_of_PetitModBus_TIMER_Initialise                           text25       0FB3
__end_of_PetitModBus_TimerValues                                text30       0FC2
__end_of_PetitModBus_UART_Initialise                            text23       0FB7
__end_of_PetitModBus_UART_Putch                                 text10       00FE
__end_of_PetitModBus_UART_String                                text9        07DF
__end_of_PetitModbusIntHandler                                  text28       07BD
__end_of_PetitSendMessage                                       text20       0FE6
__end_of_Petit_CRC16                                            text13       0727
__end_of_Petit_CheckRxTimeout                                   text12       0FF1
__end_of_Petit_DoSlaveTX                                        text8        00F2
__end_of_Petit_RxDataAvailable                                  text15       0FD3
__end_of_Petit_RxRTU                                            text11       04AD
__end_of_Petit_TxRTU                                            text7        0550
__end_of_ProcessPetitModbus                                     text6        076B
__end_of_ReceiveInterrupt                                       text29       009E
__end_of_SYSTEM_Initialize                                      text1        00B1
__end_of__initialization                                        cinit        004F
__end_of__stringtab                                             stringtext   0112
__end_of_auchCRCHi                                              stringtext   0312
__end_of_auchCRCLo                                              stringtext   0212
__end_of_main                                                   maintext     079A
__initialization                                                cinit        0015
__pbssBANK0                                                     bssBANK0     0020
__pbssBANK1                                                     bssBANK1     00A0
__pbssBANK3                                                     bssBANK3     0190
__pbssCOMMON                                                    bssCOMMON    0076
__pcstackBANK0                                                  cstackBANK0  004D
__pcstackCOMMON                                                 cstackCOMMON 0070
__pdataBANK0                                                    dataBANK0    005C
__pidataBANK0                                                   idataBANK0   07FB
__pintentry                                                     intentry     0004
__pmaintext                                                     maintext     076B
__pstringtext                                                   stringtext   0100
__ptext1                                                        text1        009E
__ptext10                                                       text10       00F2
__ptext11                                                       text11       03FE
__ptext12                                                       text12       0FE6
__ptext13                                                       text13       06CF
__ptext14                                                       text14       066D
__ptext15                                                       text15       0FCA
__ptext16                                                       text16       05EF
__ptext17                                                       text17       0550
__ptext18                                                       text18       0312
__ptext19                                                       text19       07DF
__ptext2                                                        text2        0FD3
__ptext20                                                       text20       0FDC
__ptext21                                                       text21       0053
__ptext22                                                       text22       00D3
__ptext23                                                       text23       0FB3
__ptext24                                                       text24       006F
__ptext25                                                       text25       0FAF
__ptext26                                                       text26       0FF1
__ptext27                                                       text27       00B1
__ptext28                                                       text28       079A
__ptext29                                                       text29       008A
__ptext3                                                        text3        00C3
__ptext30                                                       text30       0FBB
__ptext4                                                        text4        0FB7
__ptext5                                                        text5        0FAC
__ptext6                                                        text6        0727
__ptext7                                                        text7        04AD
__ptext8                                                        text8        00E3
__ptext9                                                        text9        07BD
__size_of_CheckPetitModbusBufferComplete                        (abs)        0000
__size_of_HandleMPetitodbusWriteMultipleRegisters               (abs)        0000
__size_of_HandlePetitModbusError                                (abs)        0000
__size_of_HandlePetitModbusReadHoldingRegisters                 (abs)        0000
__size_of_HandlePetitModbusWriteSingleRegister                  (abs)        0000
__size_of_INTERRUPT_Initialize                                  (abs)        0000
__size_of_INTERRUPT_InterruptManager                            (abs)        0000
__size_of_InitPetitModbus                                       (abs)        0000
__size_of_InitTMR1                                              (abs)        0000
__size_of_InitUART                                              (abs)        0000
__size_of_OSCILLATOR_Initialize                                 (abs)        0000
__size_of_PIN_MANAGER_Initialize                                (abs)        0000
__size_of_PWM_Initialize                                        (abs)        0000
__size_of_PWM_LoadDutyValue                                     (abs)        0000
__size_of_PetitModBus_TIMER_Initialise                          (abs)        0000
__size_of_PetitModBus_TimerValues                               (abs)        0000
__size_of_PetitModBus_UART_Initialise                           (abs)        0000
__size_of_PetitModBus_UART_Putch                                (abs)        0000
__size_of_PetitModBus_UART_String                               (abs)        0000
__size_of_PetitModbusIntHandler                                 (abs)        0000
__size_of_PetitSendMessage                                      (abs)        0000
__size_of_Petit_CRC16                                           (abs)        0000
__size_of_Petit_CheckRxTimeout                                  (abs)        0000
__size_of_Petit_DoSlaveTX                                       (abs)        0000
__size_of_Petit_RxDataAvailable                                 (abs)        0000
__size_of_Petit_RxRTU                                           (abs)        0000
__size_of_Petit_TxRTU                                           (abs)        0000
__size_of_ProcessPetitModbus                                    (abs)        0000
__size_of_ReceiveInterrupt                                      (abs)        0000
__size_of_SYSTEM_Initialize                                     (abs)        0000
__size_of_main                                                  (abs)        0000
__stringbase                                                    stringtext   0112
__stringtab                                                     stringtext   0100
_auchCRCHi                                                      stringtext   0212
_auchCRCLo                                                      stringtext   0112
_main                                                           maintext     076B
btemp                                                           (abs)        007E
clear_ram0                                                      clrtext      0FC2
end_of_initialization                                           cinit        004F
interrupt_function                                              intentry     0004
intlevel0                                                       functab      0000
intlevel1                                                       functab      0000
intlevel2                                                       functab      0000
intlevel3                                                       functab      0000
intlevel4                                                       functab      0000
intlevel5                                                       functab      0000
reset_vec                                                       reset_vec    0000
saved_w                                                         (abs)        007E
stackhi                                                         (abs)        0000
stacklo                                                         (abs)        0000
start                                                           init         0012
start_initialization                                            cinit        0015
wtemp0                                                          (abs)        007E


FUNCTION INFORMATION:

 *************** function _main *****************
 Defined at:
		line 18 in file "main.c"
 Parameters:    Size  Location     Type
		None
 Auto vars:     Size  Location     Type
		None
 Return value:  Size  Location     Type
                  1    wreg      void 
 Registers used:
		wreg, fsr0l, fsr0h, status,2, status,0, btemp+1, pclath, cstack
 Tracked objects:
		On entry : 
		On exit  : 
		Unchanged: 
 Data sizes:     COMMON   BANK0   BANK1   BANK3   BANK2
      Params:         0       0       0       0       0
      Locals:         0       0       0       0       0
      Temps:          0       0       0       0       0
      Totals:         0       0       0       0       0
Total ram usage:        0 bytes
 Hardware stack levels required when called:    8
 This function calls:
		_InitPetitModbus
		_PWM_LoadDutyValue
		_ProcessPetitModbus
		_SYSTEM_Initialize
 This function is called by:
		Startup code after reset
 This function uses a non-reentrant model


 *************** function _SYSTEM_Initialize *****************
 Defined at:
		line 28 in file "Peripherals/config.c"
 Parameters:    Size  Location     Type
		None
 Auto vars:     Size  Location     Type
		None
 Return value:  Size  Location     Type
                  1    wreg      void 
 Registers used:
		wreg, status,2, status,0, pclath, cstack
 Tracked objects:
		On entry : 
		On exit  : 
		Unchanged: 
 Data sizes:     COMMON   BANK0   BANK1   BANK3   BANK2
      Params:         0       0       0       0       0
      Locals:         0       0       0       0       0
      Temps:          0       0       0       0       0
      Totals:         0       0       0       0       0
Total ram usage:        0 bytes
 Hardware stack levels used:    1
 Hardware stack levels required when called:    4
 This function calls:
		_INTERRUPT_Initialize
		_OSCILLATOR_Initialize
		_PIN_MANAGER_Initialize
		_PWM_Initialize
 This function is called by:
		_main
 This function uses a non-reentrant model


 *************** function _PWM_Initialize *****************
 Defined at:
		line 14 in file "Peripherals/pwm.c"
 Parameters:    Size  Location     Type
		None
 Auto vars:     Size  Location     Type
		None
 Return value:  Size  Location     Type
                  1    wreg      void 
 Registers used:
		wreg
 Tracked objects:
		On entry : 
		On exit  : 
		Unchanged: 
 Data sizes:     COMMON   BANK0   BANK1   BANK3   BANK2
      Params:         0       0       0       0       0
      Locals:         0       0       0       0       0
      Temps:          0       0       0       0       0
      Totals:         0       0       0       0       0
Total ram usage:        0 bytes
 Hardware stack levels used:    1
 Hardware stack levels required when called:    3
 This function calls:
		Nothing
 This function is called by:
		_SYSTEM_Initialize
 This function uses a non-reentrant model


 *************** function _PIN_MANAGER_Initialize *****************
 Defined at:
		line 4 in file "Peripherals/pin_manager.c"
 Parameters:    Size  Location     Type
		None
 Auto vars:     Size  Location     Type
		None
 Return value:  Size  Location     Type
                  1    wreg      void 
 Registers used:
		wreg, status,2, status,0
 Tracked objects:
		On entry : 
		On exit  : 
		Unchanged: 
 Data sizes:     COMMON   BANK0   BANK1   BANK3   BANK2
      Params:         0       0       0       0       0
      Locals:         0       0       0       0       0
      Temps:          0       0       0       0       0
      Totals:         0       0       0       0       0
Total ram usage:        0 bytes
 Hardware stack levels used:    1
 Hardware stack levels required when called:    3
 This function calls:
		Nothing
 This function is called by:
		_SYSTEM_Initialize
 This function uses a non-reentrant model


 *************** function _OSCILLATOR_Initialize *****************
 Defined at:
		line 39 in file "Peripherals/config.c"
 Parameters:    Size  Location     Type
		None
 Auto vars:     Size  Location     Type
		None
 Return value:  Size  Location     Type
                  1    wreg      void 
 Registers used:
		status,2
 Tracked objects:
		On entry : 
		On exit  : 
		Unchanged: 
 Data sizes:     COMMON   BANK0   BANK1   BANK3   BANK2
      Params:         0       0       0       0       0
      Locals:         0       0       0       0       0
      Temps:          0       0       0       0       0
      Totals:         0       0       0       0       0
Total ram usage:        0 bytes
 Hardware stack levels used:    1
 Hardware stack levels required when called:    3
 This function calls:
		Nothing
 This function is called by:
		_SYSTEM_Initialize
 This function uses a non-reentrant model


 *************** function _INTERRUPT_Initialize *****************
 Defined at:
		line 6 in file "Peripherals/interrupt_manager.c"
 Parameters:    Size  Location     Type
		None
 Auto vars:     Size  Location     Type
		None
 Return value:  Size  Location     Type
                  1    wreg      void 
 Registers used:
		None
 Tracked objects:
		On entry : 
		On exit  : 
		Unchanged: 
 Data sizes:     COMMON   BANK0   BANK1   BANK3   BANK2
      Params:         0       0       0       0       0
      Locals:         0       0       0       0       0
      Temps:          0       0       0       0       0
      Totals:         0       0       0       0       0
Total ram usage:        0 bytes
 Hardware stack levels used:    1
 Hardware stack levels required when called:    3
 This function calls:
		Nothing
 This function is called by:
		_SYSTEM_Initialize
 This function uses a non-reentrant model


 *************** function _ProcessPetitModbus *****************
 Defined at:
		line 500 in file "modbus/PetitModbus.c"
 Parameters:    Size  Location     Type
		None
 Auto vars:     Size  Location     Type
		None
 Return value:  Size  Location     Type
                  1    wreg      void 
 Registers used:
		wreg, fsr0l, fsr0h, status,2, status,0, btemp+1, pclath, cstack
 Tracked objects:
		On entry : 
		On exit  : 
		Unchanged: 
 Data sizes:     COMMON   BANK0   BANK1   BANK3   BANK2
      Params:         0       0       0       0       0
      Locals:         0       0       0       0       0
      Temps:          0       0       0       0       0
      Totals:         0       0       0       0       0
Total ram usage:        0 bytes
 Hardware stack levels used:    1
 Hardware stack levels required when called:    7
 This function calls:
		_HandleMPetitodbusWriteMultipleRegisters
		_HandlePetitModbusError
		_HandlePetitModbusReadHoldingRegisters
		_HandlePetitModbusWriteSingleRegister
		_Petit_RxDataAvailable
		_Petit_RxRTU
		_Petit_TxRTU
 This function is called by:
		_main
 This function uses a non-reentrant model


 *************** function _Petit_TxRTU *****************
 Defined at:
		line 471 in file "modbus/PetitModbus.c"
 Parameters:    Size  Location     Type
		None
 Auto vars:     Size  Location     Type
		None
 Return value:  Size  Location     Type
                  1    wreg      void 
 Registers used:
		wreg, fsr0l, fsr0h, status,2, status,0, btemp+1, pclath, cstack
 Tracked objects:
		On entry : 
		On exit  : 
		Unchanged: 
 Data sizes:     COMMON   BANK0   BANK1   BANK3   BANK2
      Params:         0       0       0       0       0
      Locals:         0       0       0       0       0
      Temps:          0       1       0       0       0
      Totals:         0       1       0       0       0
Total ram usage:        1 bytes
 Hardware stack levels used:    1
 Hardware stack levels required when called:    6
 This function calls:
		_Petit_CRC16
		_Petit_DoSlaveTX
 This function is called by:
		_ProcessPetitModbus
 This function uses a non-reentrant model


 *************** function _Petit_DoSlaveTX *****************
 Defined at:
		line 127 in file "modbus/PetitModbus.c"
 Parameters:    Size  Location     Type
		None
 Auto vars:     Size  Location     Type
		None
 Return value:  Size  Location     Type
                  1    wreg      unsigned char 
 Registers used:
		wreg, fsr0l, fsr0h, status,2, status,0, pclath, cstack
 Tracked objects:
		On entry : 
		On exit  : 
		Unchanged: 
 Data sizes:     COMMON   BANK0   BANK1   BANK3   BANK2
      Params:         0       0       0       0       0
      Locals:         0       0       0       0       0
      Temps:          0       0       0       0       0
      Totals:         0       0       0       0       0
Total ram usage:        0 bytes
 Hardware stack levels used:    1
 Hardware stack levels required when called:    5
 This function calls:
		_PetitModBus_UART_String
 This function is called by:
		_Petit_TxRTU
 This function uses a non-reentrant model


 *************** function _PetitModBus_UART_String *****************
 Defined at:
		line 29 in file "modbus/PetitModbusPort.c"
 Parameters:    Size  Location     Type
  s               1    wreg     PTR unsigned char 
		 -> Petit_Tx_Buf(32), 
  Length          2    1[BANK0 ] unsigned int 
 Auto vars:     Size  Location     Type
  s               1    4[BANK0 ] PTR unsigned char 
		 -> Petit_Tx_Buf(32), 
  DummyCounter    2    5[BANK0 ] unsigned short 
 Return value:  Size  Location     Type
                  1    wreg      unsigned char 
 Registers used:
		wreg, fsr0l, fsr0h, status,2, status,0, pclath, cstack
 Tracked objects:
		On entry : 
		On exit  : 
		Unchanged: 
 Data sizes:     COMMON   BANK0   BANK1   BANK3   BANK2
      Params:         0       2       0       0       0
      Locals:         0       3       0       0       0
      Temps:          0       1       0       0       0
      Totals:         0       6       0       0       0
Total ram usage:        6 bytes
 Hardware stack levels used:    1
 Hardware stack levels required when called:    4
 This function calls:
		_PetitModBus_UART_Putch
 This function is called by:
		_Petit_DoSlaveTX
 This function uses a non-reentrant model


 *************** function _PetitModBus_UART_Putch *****************
 Defined at:
		line 22 in file "modbus/PetitModbusPort.c"
 Parameters:    Size  Location     Type
  c               1    wreg     unsigned char 
 Auto vars:     Size  Location     Type
  c               1    0[BANK0 ] unsigned char 
 Return value:  Size  Location     Type
                  1    wreg      void 
 Registers used:
		wreg
 Tracked objects:
		On entry : 
		On exit  : 
		Unchanged: 
 Data sizes:     COMMON   BANK0   BANK1   BANK3   BANK2
      Params:         0       0       0       0       0
      Locals:         0       1       0       0       0
      Temps:          0       0       0       0       0
      Totals:         0       1       0       0       0
Total ram usage:        1 bytes
 Hardware stack levels used:    1
 Hardware stack levels required when called:    3
 This function calls:
		Nothing
 This function is called by:
		_PetitModBus_UART_String
 This function uses a non-reentrant model


 *************** function _Petit_RxRTU *****************
 Defined at:
		line 416 in file "modbus/PetitModbus.c"
 Parameters:    Size  Location     Type
		None
 Auto vars:     Size  Location     Type
  Petit_i         1   14[BANK0 ] unsigned char 
  Petit_Receiv    1   13[BANK0 ] unsigned char 
 Return value:  Size  Location     Type
                  1    wreg      void 
 Registers used:
		wreg, fsr0l, fsr0h, status,2, status,0, btemp+1, pclath, cstack
 Tracked objects:
		On entry : 
		On exit  : 
		Unchanged: 
 Data sizes:     COMMON   BANK0   BANK1   BANK3   BANK2
      Params:         0       0       0       0       0
      Locals:         0       2       0       0       0
      Temps:          0       2       0       0       0
      Totals:         0       4       0       0       0
Total ram usage:        4 bytes
 Hardware stack levels used:    1
 Hardware stack levels required when called:    4
 This function calls:
		_CheckPetitModbusBufferComplete
		_Petit_CRC16
		_Petit_CheckRxTimeout
 This function is called by:
		_ProcessPetitModbus
 This function uses a non-reentrant model


 *************** function _Petit_CheckRxTimeout *****************
 Defined at:
		line 349 in file "modbus/PetitModbus.c"
 Parameters:    Size  Location     Type
		None
 Auto vars:     Size  Location     Type
		None
 Return value:  Size  Location     Type
                  1    wreg      unsigned char 
 Registers used:
		wreg, status,2
 Tracked objects:
		On entry : 
		On exit  : 
		Unchanged: 
 Data sizes:     COMMON   BANK0   BANK1   BANK3   BANK2
      Params:         0       0       0       0       0
      Locals:         0       0       0       0       0
      Temps:          0       0       0       0       0
      Totals:         0       0       0       0       0
Total ram usage:        0 bytes
 Hardware stack levels used:    1
 Hardware stack levels required when called:    3
 This function calls:
		Nothing
 This function is called by:
		_Petit_RxRTU
 This function uses a non-reentrant model


 *************** function _Petit_CRC16 *****************
 Defined at:
		line 94 in file "modbus/PetitModbus.c"
 Parameters:    Size  Location     Type
  Data            1    wreg     const unsigned char 
  CRC             1    0[BANK0 ] PTR unsigned int 
		 -> Petit_Tx_CRC16(2), Petit_Rx_CRC16(2), 
 Auto vars:     Size  Location     Type
  Data            1    5[BANK0 ] const unsigned char 
  uchCRCLo        2    9[BANK0 ] unsigned int 
  uchCRCHi        2    7[BANK0 ] unsigned int 
  uIndex          1    6[BANK0 ] unsigned char 
 Return value:  Size  Location     Type
                  1    wreg      void 
 Registers used:
		wreg, fsr0l, fsr0h, status,2, status,0, btemp+1, pclath
 Tracked objects:
		On entry : 
		On exit  : 
		Unchanged: 
 Data sizes:     COMMON   BANK0   BANK1   BANK3   BANK2
      Params:         0       1       0       0       0
      Locals:         0       6       0       0       0
      Temps:          0       4       0       0       0
      Totals:         0      11       0       0       0
Total ram usage:       11 bytes
 Hardware stack levels used:    1
 Hardware stack levels required when called:    3
 This function calls:
		Nothing
 This function is called by:
		_Petit_RxRTU
		_Petit_TxRTU
 This function uses a non-reentrant model


 *************** function _CheckPetitModbusBufferComplete *****************
 Defined at:
		line 371 in file "modbus/PetitModbus.c"
 Parameters:    Size  Location     Type
		None
 Auto vars:     Size  Location     Type
  PetitExpecte    2    2[BANK0 ] int 
 Return value:  Size  Location     Type
                  1    wreg      unsigned char 
 Registers used:
		wreg, status,2, status,0
 Tracked objects:
		On entry : 
		On exit  : 
		Unchanged: 
 Data sizes:     COMMON   BANK0   BANK1   BANK3   BANK2
      Params:         0       0       0       0       0
      Locals:         0       2       0       0       0
      Temps:          0       2       0       0       0
      Totals:         0       4       0       0       0
Total ram usage:        4 bytes
 Hardware stack levels used:    1
 Hardware stack levels required when called:    3
 This function calls:
		Nothing
 This function is called by:
		_Petit_RxRTU
 This function uses a non-reentrant model


 *************** function _Petit_RxDataAvailable *****************
 Defined at:
		line 333 in file "modbus/PetitModbus.c"
 Parameters:    Size  Location     Type
		None
 Auto vars:     Size  Location     Type
  Result          1    1[BANK0 ] unsigned char 
 Return value:  Size  Location     Type
                  1    wreg      unsigned char 
 Registers used:
		wreg, status,2
 Tracked objects:
		On entry : 
		On exit  : 
		Unchanged: 
 Data sizes:     COMMON   BANK0   BANK1   BANK3   BANK2
      Params:         0       0       0       0       0
      Locals:         0       1       0       0       0
      Temps:          0       1       0       0       0
      Totals:         0       2       0       0       0
Total ram usage:        2 bytes
 Hardware stack levels used:    1
 Hardware stack levels required when called:    3
 This function calls:
		Nothing
 This function is called by:
		_ProcessPetitModbus
 This function uses a non-reentrant model


 *************** function _HandlePetitModbusWriteSingleRegister *****************
 Defined at:
		line 233 in file "modbus/PetitModbus.c"
 Parameters:    Size  Location     Type
		None
 Auto vars:     Size  Location     Type
  Petit_Addres    2    6[BANK0 ] unsigned int 
  Petit_Value     2    4[BANK0 ] unsigned int 
  Petit_i         1    8[BANK0 ] unsigned char 
 Return value:  Size  Location     Type
                  1    wreg      void 
 Registers used:
		wreg, fsr0l, fsr0h, status,2, status,0, btemp+1, pclath, cstack
 Tracked objects:
		On entry : 
		On exit  : 
		Unchanged: 
 Data sizes:     COMMON   BANK0   BANK1   BANK3   BANK2
      Params:         0       0       0       0       0
      Locals:         0       5       0       0       0
      Temps:          0       2       0       0       0
      Totals:         0       7       0       0       0
Total ram usage:        7 bytes
 Hardware stack levels used:    1
 Hardware stack levels required when called:    5
 This function calls:
		_HandlePetitModbusError
		_PetitSendMessage
 This function is called by:
		_ProcessPetitModbus
 This function uses a non-reentrant model


 *************** function _HandlePetitModbusReadHoldingRegisters *****************
 Defined at:
		line 182 in file "modbus/PetitModbus.c"
 Parameters:    Size  Location     Type
		None
 Auto vars:     Size  Location     Type
  Petit_Curren    2    4[BANK0 ] unsigned short 
  Petit_i         2   10[BANK0 ] unsigned int 
  Petit_Number    2    8[BANK0 ] unsigned int 
  Petit_StartA    2    6[BANK0 ] unsigned int 
 Return value:  Size  Location     Type
                  1    wreg      void 
 Registers used:
		wreg, fsr0l, fsr0h, status,2, status,0, btemp+1, pclath, cstack
 Tracked objects:
		On entry : 
		On exit  : 
		Unchanged: 
 Data sizes:     COMMON   BANK0   BANK1   BANK3   BANK2
      Params:         0       0       0       0       0
      Locals:         0       8       0       0       0
      Temps:          0       2       0       0       0
      Totals:         0      10       0       0       0
Total ram usage:       10 bytes
 Hardware stack levels used:    1
 Hardware stack levels required when called:    5
 This function calls:
		_HandlePetitModbusError
		_PetitSendMessage
 This function is called by:
		_ProcessPetitModbus
 This function uses a non-reentrant model


 *************** function _HandleMPetitodbusWriteMultipleRegisters *****************
 Defined at:
		line 276 in file "modbus/PetitModbus.c"
 Parameters:    Size  Location     Type
		None
 Auto vars:     Size  Location     Type
  Petit_Number    2   11[BANK0 ] unsigned int 
  Petit_StartA    2    9[BANK0 ] unsigned int 
  Petit_Value     2    7[BANK0 ] unsigned int 
  Petit_i         1   13[BANK0 ] unsigned char 
  Petit_ByteCo    1    6[BANK0 ] unsigned char 
 Return value:  Size  Location     Type
                  1    wreg      void 
 Registers used:
		wreg, fsr0l, fsr0h, status,2, status,0, btemp+1, pclath, cstack
 Tracked objects:
		On entry : 
		On exit  : 
		Unchanged: 
 Data sizes:     COMMON   BANK0   BANK1   BANK3   BANK2
      Params:         0       0       0       0       0
      Locals:         0       8       0       0       0
      Temps:          0       4       0       0       0
      Totals:         0      12       0       0       0
Total ram usage:       12 bytes
 Hardware stack levels used:    1
 Hardware stack levels required when called:    5
 This function calls:
		_HandlePetitModbusError
		_PetitSendMessage
 This function is called by:
		_ProcessPetitModbus
 This function uses a non-reentrant model


 *************** function _HandlePetitModbusError *****************
 Defined at:
		line 159 in file "modbus/PetitModbus.c"
 Parameters:    Size  Location     Type
  ErrorCode       1    wreg     unsigned char 
 Auto vars:     Size  Location     Type
  ErrorCode       1    1[BANK0 ] unsigned char 
 Return value:  Size  Location     Type
                  1    wreg      void 
 Registers used:
		wreg, status,2, status,0, pclath, cstack
 Tracked objects:
		On entry : 
		On exit  : 
		Unchanged: 
 Data sizes:     COMMON   BANK0   BANK1   BANK3   BANK2
      Params:         0       0       0       0       0
      Locals:         0       1       0       0       0
      Temps:          0       1       0       0       0
      Totals:         0       2       0       0       0
Total ram usage:        2 bytes
 Hardware stack levels used:    1
 Hardware stack levels required when called:    4
 This function calls:
		_PetitSendMessage
 This function is called by:
		_HandlePetitModbusReadHoldingRegisters
		_HandlePetitModbusWriteSingleRegister
		_HandleMPetitodbusWriteMultipleRegisters
		_ProcessPetitModbus
 This function uses a non-reentrant model


 *************** function _PetitSendMessage *****************
 Defined at:
		line 142 in file "modbus/PetitModbus.c"
 Parameters:    Size  Location     Type
		None
 Auto vars:     Size  Location     Type
		None
 Return value:  Size  Location     Type
                  1    wreg      unsigned char 
 Registers used:
		wreg, status,2, status,0
 Tracked objects:
		On entry : 
		On exit  : 
		Unchanged: 
 Data sizes:     COMMON   BANK0   BANK1   BANK3   BANK2
      Params:         0       0       0       0       0
      Locals:         0       0       0       0       0
      Temps:          0       0       0       0       0
      Totals:         0       0       0       0       0
Total ram usage:        0 bytes
 Hardware stack levels used:    1
 Hardware stack levels required when called:    3
 This function calls:
		Nothing
 This function is called by:
		_HandlePetitModbusError
		_HandlePetitModbusReadHoldingRegisters
		_HandlePetitModbusWriteSingleRegister
		_HandleMPetitodbusWriteMultipleRegisters
 This function uses a non-reentrant model


 *************** function _PWM_LoadDutyValue *****************
 Defined at:
		line 29 in file "Peripherals/pwm.c"
 Parameters:    Size  Location     Type
  dutyValue       2    0[BANK0 ] unsigned int 
 Auto vars:     Size  Location     Type
		None
 Return value:  Size  Location     Type
                  1    wreg      void 
 Registers used:
		wreg, status,2, status,0
 Tracked objects:
		On entry : 
		On exit  : 
		Unchanged: 
 Data sizes:     COMMON   BANK0   BANK1   BANK3   BANK2
      Params:         0       2       0       0       0
      Locals:         0       0       0       0       0
      Temps:          0       2       0       0       0
      Totals:         0       4       0       0       0
Total ram usage:        4 bytes
 Hardware stack levels used:    1
 Hardware stack levels required when called:    3
 This function calls:
		Nothing
 This function is called by:
		_main
 This function uses a non-reentrant model


 *************** function _InitPetitModbus *****************
 Defined at:
		line 539 in file "modbus/PetitModbus.c"
 Parameters:    Size  Location     Type
  PetitModbusS    1    wreg     unsigned char 
 Auto vars:     Size  Location     Type
  PetitModbusS    1    1[BANK0 ] unsigned char 
 Return value:  Size  Location     Type
                  1    wreg      void 
 Registers used:
		wreg, status,2, status,0, pclath, cstack
 Tracked objects:
		On entry : 
		On exit  : 
		Unchanged: 
 Data sizes:     COMMON   BANK0   BANK1   BANK3   BANK2
      Params:         0       0       0       0       0
      Locals:         0       1       0       0       0
      Temps:          0       1       0       0       0
      Totals:         0       2       0       0       0
Total ram usage:        2 bytes
 Hardware stack levels used:    1
 Hardware stack levels required when called:    5
 This function calls:
		_PetitModBus_TIMER_Initialise
		_PetitModBus_UART_Initialise
 This function is called by:
		_main
 This function uses a non-reentrant model


 *************** function _PetitModBus_UART_Initialise *****************
 Defined at:
		line 10 in file "modbus/PetitModbusPort.c"
 Parameters:    Size  Location     Type
		None
 Auto vars:     Size  Location     Type
		None
 Return value:  Size  Location     Type
                  1    wreg      void 
 Registers used:
		wreg, status,2, status,0, pclath, cstack
 Tracked objects:
		On entry : 
		On exit  : 
		Unchanged: 
 Data sizes:     COMMON   BANK0   BANK1   BANK3   BANK2
      Params:         0       0       0       0       0
      Locals:         0       0       0       0       0
      Temps:          0       0       0       0       0
      Totals:         0       0       0       0       0
Total ram usage:        0 bytes
 Hardware stack levels used:    1
 Hardware stack levels required when called:    4
 This function calls:
		_InitUART
 This function is called by:
		_InitPetitModbus
 This function uses a non-reentrant model


 *************** function _InitUART *****************
 Defined at:
		line 6 in file "modbus/Init.c"
 Parameters:    Size  Location     Type
		None
 Auto vars:     Size  Location     Type
		None
 Return value:  Size  Location     Type
                  1    wreg      void 
 Registers used:
		wreg
 Tracked objects:
		On entry : 
		On exit  : 
		Unchanged: 
 Data sizes:     COMMON   BANK0   BANK1   BANK3   BANK2
      Params:         0       0       0       0       0
      Locals:         0       0       0       0       0
      Temps:          0       0       0       0       0
      Totals:         0       0       0       0       0
Total ram usage:        0 bytes
 Hardware stack levels used:    1
 Hardware stack levels required when called:    3
 This function calls:
		Nothing
 This function is called by:
		_PetitModBus_UART_Initialise
 This function uses a non-reentrant model


 *************** function _PetitModBus_TIMER_Initialise *****************
 Defined at:
		line 16 in file "modbus/PetitModbusPort.c"
 Parameters:    Size  Location     Type
		None
 Auto vars:     Size  Location     Type
		None
 Return value:  Size  Location     Type
                  1    wreg      void 
 Registers used:
		wreg, status,2, status,0, pclath, cstack
 Tracked objects:
		On entry : 
		On exit  : 
		Unchanged: 
 Data sizes:     COMMON   BANK0   BANK1   BANK3   BANK2
      Params:         0       0       0       0       0
      Locals:         0       0       0       0       0
      Temps:          0       0       0       0       0
      Totals:         0       0       0       0       0
Total ram usage:        0 bytes
 Hardware stack levels used:    1
 Hardware stack levels required when called:    4
 This function calls:
		_InitTMR1
 This function is called by:
		_InitPetitModbus
 This function uses a non-reentrant model


 *************** function _InitTMR1 *****************
 Defined at:
		line 33 in file "modbus/Init.c"
 Parameters:    Size  Location     Type
		None
 Auto vars:     Size  Location     Type
		None
 Return value:  Size  Location     Type
                  1    wreg      void 
 Registers used:
		wreg, status,2, status,0
 Tracked objects:
		On entry : 
		On exit  : 
		Unchanged: 
 Data sizes:     COMMON   BANK0   BANK1   BANK3   BANK2
      Params:         0       0       0       0       0
      Locals:         0       0       0       0       0
      Temps:          0       0       0       0       0
      Totals:         0       0       0       0       0
Total ram usage:        0 bytes
 Hardware stack levels used:    1
 Hardware stack levels required when called:    3
 This function calls:
		Nothing
 This function is called by:
		_PetitModBus_TIMER_Initialise
 This function uses a non-reentrant model


 *************** function _INTERRUPT_InterruptManager *****************
 Defined at:
		line 24 in file "Peripherals/interrupt_manager.c"
 Parameters:    Size  Location     Type
		None
 Auto vars:     Size  Location     Type
		None
 Return value:  Size  Location     Type
                  1    wreg      void 
 Registers used:
		wreg, fsr0l, fsr0h, status,2, status,0, pclath, cstack
 Tracked objects:
		On entry : 
		On exit  : 
		Unchanged: 
 Data sizes:     COMMON   BANK0   BANK1   BANK3   BANK2
      Params:         0       0       0       0       0
      Locals:         0       0       0       0       0
      Temps:          4       0       0       0       0
      Totals:         4       0       0       0       0
Total ram usage:        4 bytes
 Hardware stack levels used:    1
 Hardware stack levels required when called:    2
 This function calls:
		_PetitModbusIntHandler
 This function is called by:
		Interrupt level 1
 This function uses a non-reentrant model


 *************** function _PetitModbusIntHandler *****************
 Defined at:
		line 4 in file "modbus/Interrupts.c"
 Parameters:    Size  Location     Type
		None
 Auto vars:     Size  Location     Type
		None
 Return value:  Size  Location     Type
                  1    wreg      void 
 Registers used:
		wreg, fsr0l, fsr0h, status,2, status,0, pclath, cstack
 Tracked objects:
		On entry : 
		On exit  : 
		Unchanged: 
 Data sizes:     COMMON   BANK0   BANK1   BANK3   BANK2
      Params:         0       0       0       0       0
      Locals:         0       0       0       0       0
      Temps:          0       0       0       0       0
      Totals:         0       0       0       0       0
Total ram usage:        0 bytes
 Hardware stack levels used:    1
 Hardware stack levels required when called:    1
 This function calls:
		_PetitModBus_TimerValues
		_ReceiveInterrupt
 This function is called by:
		_INTERRUPT_InterruptManager
 This function uses a non-reentrant model


 *************** function _ReceiveInterrupt *****************
 Defined at:
		line 42 in file "modbus/PetitModbusPort.c"
 Parameters:    Size  Location     Type
  Data            1    wreg     unsigned char 
 Auto vars:     Size  Location     Type
  Data            1    1[COMMON] unsigned char 
 Return value:  Size  Location     Type
                  1    wreg      void 
 Registers used:
		wreg, fsr0l, fsr0h, status,2, status,0
 Tracked objects:
		On entry : 
		On exit  : 
		Unchanged: 
 Data sizes:     COMMON   BANK0   BANK1   BANK3   BANK2
      Params:         0       0       0       0       0
      Locals:         1       0       0       0       0
      Temps:          1       0       0       0       0
      Totals:         2       0       0       0       0
Total ram usage:        2 bytes
 Hardware stack levels used:    1
 This function calls:
		Nothing
 This function is called by:
		_PetitModbusIntHandler
 This function uses a non-reentrant model


 *************** function _PetitModBus_TimerValues *****************
 Defined at:
		line 54 in file "modbus/PetitModbusPort.c"
 Parameters:    Size  Location     Type
		None
 Auto vars:     Size  Location     Type
		None
 Return value:  Size  Location     Type
                  1    wreg      void 
 Registers used:
		wreg
 Tracked objects:
		On entry : 
		On exit  : 
		Unchanged: 
 Data sizes:     COMMON   BANK0   BANK1   BANK3   BANK2
      Params:         0       0       0       0       0
      Locals:         0       0       0       0       0
      Temps:          0       0       0       0       0
      Totals:         0       0       0       0       0
Total ram usage:        0 bytes
 Hardware stack levels used:    1
 This function calls:
		Nothing
 This function is called by:
		_PetitModbusIntHandler
 This function uses a non-reentrant model



MODULE INFORMATION

Module		Function		Class		Link	Load	Size
modbus/Interrupts.c
		_PetitModbusIntHandler		CODE           	079A	0000	36

modbus/Interrupts.c estimated size: 36

modbus/Init.c
		_InitTMR1      		CODE           	0FF1	0000	16
		_InitUART      		CODE           	006F	0000	28

modbus/Init.c estimated size: 44

Peripherals/pwm.c
		_PWM_Initialize		CODE           	0FD3	0000	10
		_PWM_LoadDutyValue		CODE           	0053	0000	29

Peripherals/pwm.c estimated size: 39

shared
		__stringtab    		STRCODE        	0100	0000	19
		__initialization		CODE           	0015	0000	59
		_auchCRCHi     		STRCODE        	0212	0000	257
		_auchCRCLo     		STRCODE        	0112	0000	257

shared estimated size: 592

Peripherals/interrupt_manager.c
		_INTERRUPT_Initialize		CODE           	0FAC	0000	4
		_INTERRUPT_InterruptManager		CODE           	00B1	0000	19

Peripherals/interrupt_manager.c estimated size: 23

Peripherals/pin_manager.c
		_PIN_MANAGER_Initialize		CODE           	00C3	0000	17

Peripherals/pin_manager.c estimated size: 17

main.c
		_main          		CODE           	076B	0000	48

main.c estimated size: 48

modbus/PetitModbus.c
		_Petit_DoSlaveTX		CODE           	00E3	0000	16
		_Petit_RxRTU   		CODE           	03FE	0000	176
		_PetitSendMessage		CODE           	0FDC	0000	11
		_Petit_RxDataAvailable		CODE           	0FCA	0000	10
		_Petit_CheckRxTimeout		CODE           	0FE6	0000	12
		_HandleMPetitodbusWriteMultipleRegisters		CODE           	0312	0000	237
		_HandlePetitModbusError		CODE           	07DF	0000	29
		_ProcessPetitModbus		CODE           	0727	0000	69
		_HandlePetitModbusReadHoldingRegisters		CODE           	0550	0000	160
		_Petit_TxRTU   		CODE           	04AD	0000	164
		_HandlePetitModbusWriteSingleRegister		CODE           	05EF	0000	127
		_InitPetitModbus		CODE           	00D3	0000	17
		_CheckPetitModbusBufferComplete		CODE           	066D	0000	99
		_Petit_CRC16   		CODE           	06CF	0000	89

modbus/PetitModbus.c estimated size: 1216

modbus/PetitModbusPort.c
		_PetitModBus_UART_String		CODE           	07BD	0000	35
		_PetitModBus_UART_Putch		CODE           	00F2	0000	13
		_ReceiveInterrupt		CODE           	008A	0000	21
		_PetitModBus_TIMER_Initialise		CODE           	0FAF	0000	5
		_PetitModBus_TimerValues		CODE           	0FBB	0000	8
		_PetitModBus_UART_Initialise		CODE           	0FB3	0000	5

modbus/PetitModbusPort.c estimated size: 87

Peripherals/config.c
		_OSCILLATOR_Initialize		CODE           	0FB7	0000	5
		_SYSTEM_Initialize		CODE           	009E	0000	20

Peripherals/config.c estimated size: 25

